Archive member included to satisfy reference by file (symbol)

c:/st/stm32cubeide_1.3.0/stm32cubeide/plugins/com.st.stm32cube.ide.mcu.externaltools.gnu-tools-for-stm32.7-2018-q2-update.win32_1.0.0.201904181610/tools/bin/../lib/gcc/arm-none-eabi/7.3.1/../../../../arm-none-eabi/lib/thumb/v7-m\libm.a(lib_a-w_pow.o)
                              Core/Src/main.o (pow)
c:/st/stm32cubeide_1.3.0/stm32cubeide/plugins/com.st.stm32cube.ide.mcu.externaltools.gnu-tools-for-stm32.7-2018-q2-update.win32_1.0.0.201904181610/tools/bin/../lib/gcc/arm-none-eabi/7.3.1/../../../../arm-none-eabi/lib/thumb/v7-m\libm.a(lib_a-e_pow.o)
                              c:/st/stm32cubeide_1.3.0/stm32cubeide/plugins/com.st.stm32cube.ide.mcu.externaltools.gnu-tools-for-stm32.7-2018-q2-update.win32_1.0.0.201904181610/tools/bin/../lib/gcc/arm-none-eabi/7.3.1/../../../../arm-none-eabi/lib/thumb/v7-m\libm.a(lib_a-w_pow.o) (__ieee754_pow)
c:/st/stm32cubeide_1.3.0/stm32cubeide/plugins/com.st.stm32cube.ide.mcu.externaltools.gnu-tools-for-stm32.7-2018-q2-update.win32_1.0.0.201904181610/tools/bin/../lib/gcc/arm-none-eabi/7.3.1/../../../../arm-none-eabi/lib/thumb/v7-m\libm.a(lib_a-e_sqrt.o)
                              c:/st/stm32cubeide_1.3.0/stm32cubeide/plugins/com.st.stm32cube.ide.mcu.externaltools.gnu-tools-for-stm32.7-2018-q2-update.win32_1.0.0.201904181610/tools/bin/../lib/gcc/arm-none-eabi/7.3.1/../../../../arm-none-eabi/lib/thumb/v7-m\libm.a(lib_a-e_pow.o) (__ieee754_sqrt)
c:/st/stm32cubeide_1.3.0/stm32cubeide/plugins/com.st.stm32cube.ide.mcu.externaltools.gnu-tools-for-stm32.7-2018-q2-update.win32_1.0.0.201904181610/tools/bin/../lib/gcc/arm-none-eabi/7.3.1/../../../../arm-none-eabi/lib/thumb/v7-m\libm.a(lib_a-s_fabs.o)
                              c:/st/stm32cubeide_1.3.0/stm32cubeide/plugins/com.st.stm32cube.ide.mcu.externaltools.gnu-tools-for-stm32.7-2018-q2-update.win32_1.0.0.201904181610/tools/bin/../lib/gcc/arm-none-eabi/7.3.1/../../../../arm-none-eabi/lib/thumb/v7-m\libm.a(lib_a-e_pow.o) (fabs)
c:/st/stm32cubeide_1.3.0/stm32cubeide/plugins/com.st.stm32cube.ide.mcu.externaltools.gnu-tools-for-stm32.7-2018-q2-update.win32_1.0.0.201904181610/tools/bin/../lib/gcc/arm-none-eabi/7.3.1/../../../../arm-none-eabi/lib/thumb/v7-m\libm.a(lib_a-s_finite.o)
                              c:/st/stm32cubeide_1.3.0/stm32cubeide/plugins/com.st.stm32cube.ide.mcu.externaltools.gnu-tools-for-stm32.7-2018-q2-update.win32_1.0.0.201904181610/tools/bin/../lib/gcc/arm-none-eabi/7.3.1/../../../../arm-none-eabi/lib/thumb/v7-m\libm.a(lib_a-w_pow.o) (finite)
c:/st/stm32cubeide_1.3.0/stm32cubeide/plugins/com.st.stm32cube.ide.mcu.externaltools.gnu-tools-for-stm32.7-2018-q2-update.win32_1.0.0.201904181610/tools/bin/../lib/gcc/arm-none-eabi/7.3.1/../../../../arm-none-eabi/lib/thumb/v7-m\libm.a(lib_a-s_lib_ver.o)
                              c:/st/stm32cubeide_1.3.0/stm32cubeide/plugins/com.st.stm32cube.ide.mcu.externaltools.gnu-tools-for-stm32.7-2018-q2-update.win32_1.0.0.201904181610/tools/bin/../lib/gcc/arm-none-eabi/7.3.1/../../../../arm-none-eabi/lib/thumb/v7-m\libm.a(lib_a-w_pow.o) (__fdlib_version)
c:/st/stm32cubeide_1.3.0/stm32cubeide/plugins/com.st.stm32cube.ide.mcu.externaltools.gnu-tools-for-stm32.7-2018-q2-update.win32_1.0.0.201904181610/tools/bin/../lib/gcc/arm-none-eabi/7.3.1/../../../../arm-none-eabi/lib/thumb/v7-m\libm.a(lib_a-s_matherr.o)
                              c:/st/stm32cubeide_1.3.0/stm32cubeide/plugins/com.st.stm32cube.ide.mcu.externaltools.gnu-tools-for-stm32.7-2018-q2-update.win32_1.0.0.201904181610/tools/bin/../lib/gcc/arm-none-eabi/7.3.1/../../../../arm-none-eabi/lib/thumb/v7-m\libm.a(lib_a-w_pow.o) (matherr)
c:/st/stm32cubeide_1.3.0/stm32cubeide/plugins/com.st.stm32cube.ide.mcu.externaltools.gnu-tools-for-stm32.7-2018-q2-update.win32_1.0.0.201904181610/tools/bin/../lib/gcc/arm-none-eabi/7.3.1/../../../../arm-none-eabi/lib/thumb/v7-m\libm.a(lib_a-s_nan.o)
                              c:/st/stm32cubeide_1.3.0/stm32cubeide/plugins/com.st.stm32cube.ide.mcu.externaltools.gnu-tools-for-stm32.7-2018-q2-update.win32_1.0.0.201904181610/tools/bin/../lib/gcc/arm-none-eabi/7.3.1/../../../../arm-none-eabi/lib/thumb/v7-m\libm.a(lib_a-e_pow.o) (nan)
c:/st/stm32cubeide_1.3.0/stm32cubeide/plugins/com.st.stm32cube.ide.mcu.externaltools.gnu-tools-for-stm32.7-2018-q2-update.win32_1.0.0.201904181610/tools/bin/../lib/gcc/arm-none-eabi/7.3.1/../../../../arm-none-eabi/lib/thumb/v7-m\libm.a(lib_a-s_rint.o)
                              c:/st/stm32cubeide_1.3.0/stm32cubeide/plugins/com.st.stm32cube.ide.mcu.externaltools.gnu-tools-for-stm32.7-2018-q2-update.win32_1.0.0.201904181610/tools/bin/../lib/gcc/arm-none-eabi/7.3.1/../../../../arm-none-eabi/lib/thumb/v7-m\libm.a(lib_a-w_pow.o) (rint)
c:/st/stm32cubeide_1.3.0/stm32cubeide/plugins/com.st.stm32cube.ide.mcu.externaltools.gnu-tools-for-stm32.7-2018-q2-update.win32_1.0.0.201904181610/tools/bin/../lib/gcc/arm-none-eabi/7.3.1/../../../../arm-none-eabi/lib/thumb/v7-m\libm.a(lib_a-s_scalbn.o)
[...]
Memory Configuration

Name             Origin             Length             Attributes
RAM              0x0000000020000000 0x0000000000005000 xrw
FLASH            0x0000000008000000 0x0000000000010000 xr
*default*        0x0000000000000000 0xffffffffffffffff

Linker script and memory map

LOAD c:/st/stm32cubeide_1.3.0/stm32cubeide/plugins/com.st.stm32cube.ide.mcu.externaltools.gnu-tools-for-stm32.7-2018-q2-update.win32_1.0.0.201904181610/tools/bin/../lib/gcc/arm-none-eabi/7.3.1/thumb/v7-m/crti.o
LOAD c:/st/stm32cubeide_1.3.0/stm32cubeide/plugins/com.st.stm32cube.ide.mcu.externaltools.gnu-tools-for-stm32.7-2018-q2-update.win32_1.0.0.201904181610/tools/bin/../lib/gcc/arm-none-eabi/7.3.1/thumb/v7-m/crtbegin.o
LOAD c:/st/stm32cubeide_1.3.0/stm32cubeide/plugins/com.st.stm32cube.ide.mcu.externaltools.gnu-tools-for-stm32.7-2018-q2-update.win32_1.0.0.201904181610/tools/bin/../lib/gcc/arm-none-eabi/7.3.1/../../../../arm-none-eabi/lib/thumb/v7-m/crt0.o
LOAD Core/Src/Battery.o
LOAD Core/Src/GyverButton_HALmod.o
LOAD Core/Src/adc.o
LOAD Core/Src/dma.o
LOAD Core/Src/gpio.o
LOAD Core/Src/i2c.o
LOAD Core/Src/main.o
LOAD Core/Src/nrf24l01.o
LOAD Core/Src/spi.o
LOAD Core/Src/stm32f1xx_hal_msp.o
LOAD Core/Src/stm32f1xx_it.o
LOAD Core/Src/syscalls.o
LOAD Core/Src/sysmem.o
LOAD Core/Src/system_stm32f1xx.o
LOAD Core/Src/tim.o
LOAD Core/Src/usart.o
LOAD Core/Src/userSD.o
LOAD Core/Src/userUSART.o
LOAD Core/Src/userWS2812.o
LOAD Core/Startup/startup_stm32f103c8tx.o
LOAD Drivers/STM32F1xx_HAL_Driver/Src/stm32f1xx_hal.o
LOAD Drivers/STM32F1xx_HAL_Driver/Src/stm32f1xx_hal_adc.o
LOAD Drivers/STM32F1xx_HAL_Driver/Src/stm32f1xx_hal_adc_ex.o
LOAD Drivers/STM32F1xx_HAL_Driver/Src/stm32f1xx_hal_cortex.o
LOAD Drivers/STM32F1xx_HAL_Driver/Src/stm32f1xx_hal_dma.o
LOAD Drivers/STM32F1xx_HAL_Driver/Src/stm32f1xx_hal_exti.o
LOAD Drivers/STM32F1xx_HAL_Driver/Src/stm32f1xx_hal_flash.o
LOAD Drivers/STM32F1xx_HAL_Driver/Src/stm32f1xx_hal_flash_ex.o
LOAD Drivers/STM32F1xx_HAL_Driver/Src/stm32f1xx_hal_gpio.o
LOAD Drivers/STM32F1xx_HAL_Driver/Src/stm32f1xx_hal_gpio_ex.o
LOAD Drivers/STM32F1xx_HAL_Driver/Src/stm32f1xx_hal_i2c.o
LOAD Drivers/STM32F1xx_HAL_Driver/Src/stm32f1xx_hal_pwr.o
LOAD Drivers/STM32F1xx_HAL_Driver/Src/stm32f1xx_hal_rcc.o
LOAD Drivers/STM32F1xx_HAL_Driver/Src/stm32f1xx_hal_rcc_ex.o
LOAD Drivers/STM32F1xx_HAL_Driver/Src/stm32f1xx_hal_spi.o
LOAD Drivers/STM32F1xx_HAL_Driver/Src/stm32f1xx_hal_tim.o
LOAD Drivers/STM32F1xx_HAL_Driver/Src/stm32f1xx_hal_tim_ex.o
LOAD Drivers/STM32F1xx_HAL_Driver/Src/stm32f1xx_hal_uart.o
LOAD FATFS/App/fatfs.o
LOAD FATFS/Target/user_diskio.o
LOAD Middlewares/Third_Party/FatFs/src/diskio.o
LOAD Middlewares/Third_Party/FatFs/src/ff.o
LOAD Middlewares/Third_Party/FatFs/src/ff_gen_drv.o
LOAD Middlewares/Third_Party/FatFs/src/option/syscall.o
START GROUP
LOAD c:/st/stm32cubeide_1.3.0/stm32cubeide/plugins/com.st.stm32cube.ide.mcu.externaltools.gnu-tools-for-stm32.7-2018-q2-update.win32_1.0.0.201904181610/tools/bin/../lib/gcc/arm-none-eabi/7.3.1/../../../../arm-none-eabi/lib/thumb/v7-m\libstdc++_nano.a
LOAD c:/st/stm32cubeide_1.3.0/stm32cubeide/plugins/com.st.stm32cube.ide.mcu.externaltools.gnu-tools-for-stm32.7-2018-q2-update.win32_1.0.0.201904181610/tools/bin/../lib/gcc/arm-none-eabi/7.3.1/../../../../arm-none-eabi/lib/thumb/v7-m\libsupc++_nano.a
END GROUP
LOAD c:/st/stm32cubeide_1.3.0/stm32cubeide/plugins/com.st.stm32cube.ide.mcu.externaltools.gnu-tools-for-stm32.7-2018-q2-update.win32_1.0.0.201904181610/tools/bin/../lib/gcc/arm-none-eabi/7.3.1/../../../../arm-none-eabi/lib/thumb/v7-m\libstdc++_nano.a
LOAD c:/st/stm32cubeide_1.3.0/stm32cubeide/plugins/com.st.stm32cube.ide.mcu.externaltools.gnu-tools-for-stm32.7-2018-q2-update.win32_1.0.0.201904181610/tools/bin/../lib/gcc/arm-none-eabi/7.3.1/../../../../arm-none-eabi/lib/thumb/v7-m\libm.a
LOAD c:/st/stm32cubeide_1.3.0/stm32cubeide/plugins/com.st.stm32cube.ide.mcu.externaltools.gnu-tools-for-stm32.7-2018-q2-update.win32_1.0.0.201904181610/tools/bin/../lib/gcc/arm-none-eabi/7.3.1/../../../../arm-none-eabi/lib/thumb/v7-m\libc_nano.a
START GROUP
LOAD c:/st/stm32cubeide_1.3.0/stm32cubeide/plugins/com.st.stm32cube.ide.mcu.externaltools.gnu-tools-for-stm32.7-2018-q2-update.win32_1.0.0.201904181610/tools/bin/../lib/gcc/arm-none-eabi/7.3.1/thumb/v7-m\libgcc.a
LOAD c:/st/stm32cubeide_1.3.0/stm32cubeide/plugins/com.st.stm32cube.ide.mcu.externaltools.gnu-tools-for-stm32.7-2018-q2-update.win32_1.0.0.201904181610/tools/bin/../lib/gcc/arm-none-eabi/7.3.1/../../../../arm-none-eabi/lib/thumb/v7-m\libc_nano.a
END GROUP
START GROUP
LOAD c:/st/stm32cubeide_1.3.0/stm32cubeide/plugins/com.st.stm32cube.ide.mcu.externaltools.gnu-tools-for-stm32.7-2018-q2-update.win32_1.0.0.201904181610/tools/bin/../lib/gcc/arm-none-eabi/7.3.1/thumb/v7-m\libgcc.a
LOAD c:/st/stm32cubeide_1.3.0/stm32cubeide/plugins/com.st.stm32cube.ide.mcu.externaltools.gnu-tools-for-stm32.7-2018-q2-update.win32_1.0.0.201904181610/tools/bin/../lib/gcc/arm-none-eabi/7.3.1/../../../../arm-none-eabi/lib/thumb/v7-m\libc_nano.a
LOAD c:/st/stm32cubeide_1.3.0/stm32cubeide/plugins/com.st.stm32cube.ide.mcu.externaltools.gnu-tools-for-stm32.7-2018-q2-update.win32_1.0.0.201904181610/tools/bin/../lib/gcc/arm-none-eabi/7.3.1/../../../../arm-none-eabi/lib/thumb/v7-m\libnosys.a
END GROUP
START GROUP
LOAD c:/st/stm32cubeide_1.3.0/stm32cubeide/plugins/com.st.stm32cube.ide.mcu.externaltools.gnu-tools-for-stm32.7-2018-q2-update.win32_1.0.0.201904181610/tools/bin/../lib/gcc/arm-none-eabi/7.3.1/thumb/v7-m\libgcc.a
LOAD c:/st/stm32cubeide_1.3.0/stm32cubeide/plugins/com.st.stm32cube.ide.mcu.externaltools.gnu-tools-for-stm32.7-2018-q2-update.win32_1.0.0.201904181610/tools/bin/../lib/gcc/arm-none-eabi/7.3.1/../../../../arm-none-eabi/lib/thumb/v7-m\libc_nano.a
LOAD c:/st/stm32cubeide_1.3.0/stm32cubeide/plugins/com.st.stm32cube.ide.mcu.externaltools.gnu-tools-for-stm32.7-2018-q2-update.win32_1.0.0.201904181610/tools/bin/../lib/gcc/arm-none-eabi/7.3.1/../../../../arm-none-eabi/lib/thumb/v7-m\libnosys.a
END GROUP
LOAD c:/st/stm32cubeide_1.3.0/stm32cubeide/plugins/com.st.stm32cube.ide.mcu.externaltools.gnu-tools-for-stm32.7-2018-q2-update.win32_1.0.0.201904181610/tools/bin/../lib/gcc/arm-none-eabi/7.3.1/thumb/v7-m/crtend.o
LOAD c:/st/stm32cubeide_1.3.0/stm32cubeide/plugins/com.st.stm32cube.ide.mcu.externaltools.gnu-tools-for-stm32.7-2018-q2-update.win32_1.0.0.201904181610/tools/bin/../lib/gcc/arm-none-eabi/7.3.1/thumb/v7-m/crtn.o
                0x0000000020005000                _estack = (ORIGIN (RAM) + LENGTH (RAM))
                0x0000000000000200                _Min_Heap_Size = 0x200
                0x0000000000000400                _Min_Stack_Size = 0x400

.isr_vector     0x0000000008000000      0x10c
                0x0000000008000000                . = ALIGN (0x4)
 *(.isr_vector)
 .isr_vector    0x0000000008000000      0x10c Core/Startup/startup_stm32f103c8tx.o
                0x0000000008000000                g_pfnVectors
                0x000000000800010c                . = ALIGN (0x4)

.text           0x0000000008000110     0xa9d0
                0x0000000008000110                . = ALIGN (0x4)
 *(.text)
 .text          0x0000000008000110       0x40 c:/st/stm32cubeide_1.3.0/stm32cubeide/plugins/com.st.stm32cube.ide.mcu.externaltools.gnu-tools-for-stm32.7-2018-q2-update.win32_1.0.0.201904181610/tools/bin/../lib/gcc/arm-none-eabi/7.3.1/thumb/v7-m/crtbegin.o
 .text          0x0000000008000150       0x10 c:/st/stm32cubeide_1.3.0/stm32cubeide/plugins/com.st.stm32cube.ide.mcu.externaltools.gnu-tools-for-stm32.7-2018-q2-update.win32_1.0.0.201904181610/tools/bin/../lib/gcc/arm-none-eabi/7.3.1/../../../../arm-none-eabi/lib/thumb/v7-m\libc_nano.a(lib_a-strlen.o)
                0x0000000008000150                strlen
 .text          0x0000000008000160      0x378 c:/st/stm32cubeide_1.3.0/stm32cubeide/plugins/com.st.stm32cube.ide.mcu.externaltools.gnu-tools-for-stm32.7-2018-q2-update.win32_1.0.0.201904181610/tools/bin/../lib/gcc/arm-none-eabi/7.3.1/thumb/v7-m\libgcc.a(_arm_addsubdf3.o)
                0x0000000008000160                __aeabi_drsub
                0x0000000008000168                __aeabi_dsub
                0x0000000008000168                __subdf3
                0x000000000800016c                __aeabi_dadd
                0x000000000800016c                __adddf3
                0x00000000080003e4                __floatunsidf
                0x00000000080003e4                __aeabi_ui2d
                0x0000000008000404                __floatsidf
                0x0000000008000404                __aeabi_i2d
                0x0000000008000428                __aeabi_f2d
                0x0000000008000428                __extendsfdf2
                0x000000000800046c                __floatundidf
                0x000000000800046c                __aeabi_ul2d
                0x000000000800047c                __floatdidf
                0x000000000800047c                __aeabi_l2d
 .text          0x00000000080004d8      0x424 c:/st/stm32cubeide_1.3.0/stm32cubeide/plugins/com.st.stm32cube.ide.mcu.externaltools.gnu-tools-for-stm32.7-2018-q2-update.win32_1.0.0.201904181610/tools/bin/../lib/gcc/arm-none-eabi/7.3.1/thumb/v7-m\libgcc.a(_arm_muldivdf3.o)
                0x00000000080004d8                __aeabi_dmul
                0x00000000080004d8                __muldf3
                0x000000000800072c                __divdf3
                0x000000000800072c                __aeabi_ddiv
 .text          0x00000000080008fc      0x110 c:/st/stm32cubeide_1.3.0/stm32cubeide/plugins/com.st.stm32cube.ide.mcu.externaltools.gnu-tools-for-stm32.7-2018-q2-update.win32_1.0.0.201904181610/tools/bin/../lib/gcc/arm-none-eabi/7.3.1/thumb/v7-m\libgcc.a(_arm_cmpdf2.o)
                0x00000000080008fc                __gtdf2
                0x00000000080008fc                __gedf2
                0x0000000008000904                __ltdf2
                0x0000000008000904                __ledf2
                0x000000000800090c                __nedf2
                0x000000000800090c                __eqdf2
                0x000000000800090c                __cmpdf2
                0x0000000008000988                __aeabi_cdrcmple
                0x0000000008000998                __aeabi_cdcmpeq
                0x0000000008000998                __aeabi_cdcmple
                0x00000000080009a8                __aeabi_dcmpeq
                0x00000000080009bc                __aeabi_dcmplt
                0x00000000080009d0                __aeabi_dcmple
                0x00000000080009e4                __aeabi_dcmpge
                0x00000000080009f8                __aeabi_dcmpgt
 .text          0x0000000008000a0c       0x2c c:/st/stm32cubeide_1.3.0/stm32cubeide/plugins/com.st.stm32cube.ide.mcu.externaltools.gnu-tools-for-stm32.7-2018-q2-update.win32_1.0.0.201904181610/tools/bin/../lib/gcc/arm-none-eabi/7.3.1/thumb/v7-m\libgcc.a(_arm_unorddf2.o)
                0x0000000008000a0c                __unorddf2
                0x0000000008000a0c                __aeabi_dcmpun
 .text          0x0000000008000a38       0x40 c:/st/stm32cubeide_1.3.0/stm32cubeide/plugins/com.st.stm32cube.ide.mcu.externaltools.gnu-tools-for-stm32.7-2018-q2-update.win32_1.0.0.201904181610/tools/bin/../lib/gcc/arm-none-eabi/7.3.1/thumb/v7-m\libgcc.a(_arm_fixunsdfsi.o)
                0x0000000008000a38                __aeabi_d2uiz
                0x0000000008000a38                __fixunsdfsi
 .text          0x0000000008000a78      0x21c c:/st/stm32cubeide_1.3.0/stm32cubeide/plugins/com.st.stm32cube.ide.mcu.externaltools.gnu-tools-for-stm32.7-2018-q2-update.win32_1.0.0.201904181610/tools/bin/../lib/gcc/arm-none-eabi/7.3.1/thumb/v7-m\libgcc.a(_arm_addsubsf3.o)
                0x0000000008000a78                __aeabi_frsub
                0x0000000008000a80                __subsf3
                0x0000000008000a80                __aeabi_fsub
                0x0000000008000a84                __aeabi_fadd
                0x0000000008000a84                __addsf3
                0x0000000008000be4                __aeabi_ui2f
                0x0000000008000be4                __floatunsisf
                0x0000000008000bec                __aeabi_i2f
                0x0000000008000bec                __floatsisf
                0x0000000008000c08                __aeabi_ul2f
                0x0000000008000c08                __floatundisf
                0x0000000008000c18                __aeabi_l2f
                0x0000000008000c18                __floatdisf
 .text          0x0000000008000c94      0x2a0 c:/st/stm32cubeide_1.3.0/stm32cubeide/plugins/com.st.stm32cube.ide.mcu.externaltools.gnu-tools-for-stm32.7-2018-q2-update.win32_1.0.0.201904181610/tools/bin/../lib/gcc/arm-none-eabi/7.3.1/thumb/v7-m\libgcc.a(_arm_muldivsf3.o)
                0x0000000008000c94                __mulsf3
                0x0000000008000c94                __aeabi_fmul
                0x0000000008000dfc                __aeabi_fdiv
                0x0000000008000dfc                __divsf3
 .text          0x0000000008000f34       0x40 c:/st/stm32cubeide_1.3.0/stm32cubeide/plugins/com.st.stm32cube.ide.mcu.externaltools.gnu-tools-for-stm32.7-2018-q2-update.win32_1.0.0.201904181610/tools/bin/../lib/gcc/arm-none-eabi/7.3.1/thumb/v7-m\libgcc.a(_arm_fixunssfsi.o)
                0x0000000008000f34                __fixunssfsi
                0x0000000008000f34                __aeabi_f2uiz
 *(.text*)
 .text._ZL6linearttt
                0x0000000008000f74       0x10 Core/Src/Battery.o
 .text._ZN7BatteryC2Ett
                0x0000000008000f84        0x6 Core/Src/Battery.o
                0x0000000008000f84                Battery::Battery(unsigned short, unsigned short)
                0x0000000008000f84                Battery::Battery(unsigned short, unsigned short)
 *fill*         0x0000000008000f8a        0x2 
 .text._ZN7Battery5beginEtfPFhtttE
                0x0000000008000f8c       0x14 Core/Src/Battery.o
                0x0000000008000f8c                Battery::begin(unsigned short, float, unsigned char (*)(unsigned short, unsigned short, unsigned short))
 .text._ZN7Battery5levelEt
                0x0000000008000fa0       0x24 Core/Src/Battery.o
                0x0000000008000fa0                Battery::level(unsigned short)
 .text._ZN7Battery7voltageEv
                0x0000000008000fc4       0x50 Core/Src/Battery.o
                0x0000000008000fc4                Battery::voltage()
 .text._ZN7Battery5levelEv
                0x0000000008001014       0x14 Core/Src/Battery.o
                0x0000000008001014                Battery::level()
 .text._ZN7GButtonC2EP12GPIO_TypeDeflbb
                0x0000000008001028       0x50 Core/Src/GyverButton_HALmod.o
                0x0000000008001028                GButton::GButton(GPIO_TypeDef*, long, bool, bool)
                0x0000000008001028                GButton::GButton(GPIO_TypeDef*, long, bool, bool)
 .text._ZN7GButton10setTimeoutEt
                0x0000000008001078        0x4 Core/Src/GyverButton_HALmod.o
                0x0000000008001078                GButton::setTimeout(unsigned short)
 .text._ZN7GButton11setTickModeEb
                0x000000000800107c        0xa Core/Src/GyverButton_HALmod.o
                0x000000000800107c                GButton::setTickMode(bool)
 .text._ZN7GButton4tickEv
                0x0000000008001086       0xfe Core/Src/GyverButton_HALmod.o
                0x0000000008001086                GButton::tick()
 .text._ZN7GButton7isClickEv
                0x0000000008001184       0x1e Core/Src/GyverButton_HALmod.o
                0x0000000008001184                GButton::isClick()
 .text._ZN7GButton8isHoldedEv
                0x00000000080011a2       0x1e Core/Src/GyverButton_HALmod.o
                0x00000000080011a2                GButton::isHolded()
 .text._ZN7GButton6isHoldEv
                0x00000000080011c0       0x16 Core/Src/GyverButton_HALmod.o
                0x00000000080011c0                GButton::isHold()
 *fill*         0x00000000080011d6        0x2 
 .text.MX_ADC1_Init
                0x00000000080011d8       0x5c Core/Src/adc.o
                0x00000000080011d8                MX_ADC1_Init
 .text.HAL_ADC_MspInit
                0x0000000008001234       0x60 Core/Src/adc.o
                0x0000000008001234                HAL_ADC_MspInit
 .text.MX_DMA_Init
                0x0000000008001294       0x54 Core/Src/dma.o
                0x0000000008001294                MX_DMA_Init
 .text.MX_GPIO_Init
                0x00000000080012e8      0x148 Core/Src/gpio.o
                0x00000000080012e8                MX_GPIO_Init
 .text.MX_I2C1_Init
                0x0000000008001430       0x3c Core/Src/i2c.o
                0x0000000008001430                MX_I2C1_Init
 .text.HAL_I2C_MspInit
                0x000000000800146c       0x78 Core/Src/i2c.o
                0x000000000800146c                HAL_I2C_MspInit
 *fill*         0x00000000080014e4        0x4 
 .text._ZL9sigmoidalttt
                0x00000000080014e8       0x7c Core/Src/main.o
 .text._Z14show_bat_levelv
                0x0000000008001564       0xa8 Core/Src/main.o
                0x0000000008001564                show_bat_level()
 .text._Z16show_file_numberv
                0x000000000800160c       0x44 Core/Src/main.o
                0x000000000800160c                show_file_number()
 .text._Z10show_alarm6COLORS
                0x0000000008001650       0x2c Core/Src/main.o
                0x0000000008001650                show_alarm(COLORS)
 .text._Z4playv
                0x000000000800167c       0x70 Core/Src/main.o
                0x000000000800167c                play()
 .text.Error_Handler
                0x00000000080016ec       0x24 Core/Src/main.o
                0x00000000080016ec                Error_Handler
 .text._Z18SystemClock_Configv
                0x0000000008001710       0x82 Core/Src/main.o
                0x0000000008001710                SystemClock_Config()
 *fill*         0x0000000008001792        0x6 
 .text.startup.main
                0x0000000008001798      0x2d0 Core/Src/main.o
                0x0000000008001798                main
 .text.assert_failed
                0x0000000008001a68        0x2 Core/Src/main.o
                0x0000000008001a68                assert_failed
 *fill*         0x0000000008001a6a        0x2 
 .text.startup._GLOBAL__sub_I_debug_message
                0x0000000008001a6c       0x5c Core/Src/main.o
 .text.DWT_Init
                0x0000000008001ac8       0x20 Core/Src/nrf24l01.o
                0x0000000008001ac8                DWT_Init
 .text.delay_us
                0x0000000008001ae8       0x2c Core/Src/nrf24l01.o
                0x0000000008001ae8                delay_us
 .text.csn      0x0000000008001b14       0x1c Core/Src/nrf24l01.o
                0x0000000008001b14                csn
 .text.ce       0x0000000008001b30       0x14 Core/Src/nrf24l01.o
                0x0000000008001b30                ce
 .text.read_register
                0x0000000008001b44       0x50 Core/Src/nrf24l01.o
                0x0000000008001b44                read_register
 .text.write_registerMy
                0x0000000008001b94       0x54 Core/Src/nrf24l01.o
                0x0000000008001b94                write_registerMy
 .text.write_register
                0x0000000008001be8       0x58 Core/Src/nrf24l01.o
                0x0000000008001be8                write_register
 .text.write_payload
                0x0000000008001c40       0xc0 Core/Src/nrf24l01.o
                0x0000000008001c40                write_payload
 .text.spiTrans
                0x0000000008001d00       0x3c Core/Src/nrf24l01.o
                0x0000000008001d00                spiTrans
 .text.flush_rx
                0x0000000008001d3c        0xa Core/Src/nrf24l01.o
                0x0000000008001d3c                flush_rx
 .text.flush_tx
                0x0000000008001d46        0xa Core/Src/nrf24l01.o
                0x0000000008001d46                flush_tx
 .text.get_status
                0x0000000008001d50        0xa Core/Src/nrf24l01.o
                0x0000000008001d50                get_status
 .text.setChannel
                0x0000000008001d5a        0xc Core/Src/nrf24l01.o
                0x0000000008001d5a                setChannel
 .text.getChannel
                0x0000000008001d66        0xa Core/Src/nrf24l01.o
                0x0000000008001d66                getChannel
 .text.stopListening
                0x0000000008001d70       0x54 Core/Src/nrf24l01.o
                0x0000000008001d70                stopListening
 .text.powerUp  0x0000000008001dc4       0x24 Core/Src/nrf24l01.o
                0x0000000008001dc4                powerUp
 .text.startFastWrite
                0x0000000008001de8       0x1c Core/Src/nrf24l01.o
                0x0000000008001de8                startFastWrite
 .text.write    0x0000000008001e04       0x34 Core/Src/nrf24l01.o
                0x0000000008001e04                write
 .text.maskIRQ  0x0000000008001e38       0x28 Core/Src/nrf24l01.o
                0x0000000008001e38                maskIRQ
 .text.openWritingPipe
                0x0000000008001e60       0x38 Core/Src/nrf24l01.o
                0x0000000008001e60                openWritingPipe
 .text.openReadingPipe
                0x0000000008001e98       0x7c Core/Src/nrf24l01.o
                0x0000000008001e98                openReadingPipe
 .text.closeReadingPipe
                0x0000000008001f14       0x24 Core/Src/nrf24l01.o
                0x0000000008001f14                closeReadingPipe
 .text.startListening
                0x0000000008001f38       0x5c Core/Src/nrf24l01.o
                0x0000000008001f38                startListening
 .text.toggle_features
                0x0000000008001f94       0x40 Core/Src/nrf24l01.o
                0x0000000008001f94                toggle_features
 .text.disableDynamicPayloads
                0x0000000008001fd4       0x20 Core/Src/nrf24l01.o
                0x0000000008001fd4                disableDynamicPayloads
 .text.setAutoAck
                0x0000000008001ff4       0x18 Core/Src/nrf24l01.o
                0x0000000008001ff4                setAutoAck
 .text.setPALevel
                0x000000000800200c       0x26 Core/Src/nrf24l01.o
                0x000000000800200c                setPALevel
 .text.getPALevel
                0x0000000008002032        0xe Core/Src/nrf24l01.o
                0x0000000008002032                getPALevel
 .text.setDataRate
                0x0000000008002040       0x50 Core/Src/nrf24l01.o
                0x0000000008002040                setDataRate
 .text.getDataRate
                0x0000000008002090       0x1e Core/Src/nrf24l01.o
                0x0000000008002090                getDataRate
 .text.getCRCLength
                0x00000000080020ae       0x2a Core/Src/nrf24l01.o
                0x00000000080020ae                getCRCLength
 .text.disableCRC
                0x00000000080020d8       0x14 Core/Src/nrf24l01.o
                0x00000000080020d8                disableCRC
 .text.radio_tx_sync
                0x00000000080020ec       0x30 Core/Src/nrf24l01.o
                0x00000000080020ec                radio_tx_sync
 .text.radio_rx_sync
                0x000000000800211c       0x28 Core/Src/nrf24l01.o
                0x000000000800211c                radio_rx_sync
 .text.NRF_Init
                0x0000000008002144      0x234 Core/Src/nrf24l01.o
                0x0000000008002144                NRF_Init
 .text.MX_SPI1_Init
                0x0000000008002378       0x44 Core/Src/spi.o
                0x0000000008002378                MX_SPI1_Init
 .text.MX_SPI2_Init
                0x00000000080023bc       0x44 Core/Src/spi.o
                0x00000000080023bc                MX_SPI2_Init
 .text.HAL_SPI_MspInit
                0x0000000008002400      0x13c Core/Src/spi.o
                0x0000000008002400                HAL_SPI_MspInit
 .text.HAL_MspInit
                0x000000000800253c       0x44 Core/Src/stm32f1xx_hal_msp.o
                0x000000000800253c                HAL_MspInit
 .text.NMI_Handler
                0x0000000008002580        0x2 Core/Src/stm32f1xx_it.o
                0x0000000008002580                NMI_Handler
 .text.HardFault_Handler
                0x0000000008002582        0x2 Core/Src/stm32f1xx_it.o
                0x0000000008002582                HardFault_Handler
 .text.MemManage_Handler
                0x0000000008002584        0x2 Core/Src/stm32f1xx_it.o
                0x0000000008002584                MemManage_Handler
 .text.BusFault_Handler
                0x0000000008002586        0x2 Core/Src/stm32f1xx_it.o
                0x0000000008002586                BusFault_Handler
 .text.UsageFault_Handler
                0x0000000008002588        0x2 Core/Src/stm32f1xx_it.o
                0x0000000008002588                UsageFault_Handler
 .text.SVC_Handler
                0x000000000800258a        0x2 Core/Src/stm32f1xx_it.o
                0x000000000800258a                SVC_Handler
 .text.DebugMon_Handler
                0x000000000800258c        0x2 Core/Src/stm32f1xx_it.o
                0x000000000800258c                DebugMon_Handler
 .text.PendSV_Handler
                0x000000000800258e        0x2 Core/Src/stm32f1xx_it.o
                0x000000000800258e                PendSV_Handler
 .text.SysTick_Handler
                0x0000000008002590       0x18 Core/Src/stm32f1xx_it.o
                0x0000000008002590                SysTick_Handler
 .text.DMA1_Channel2_IRQHandler
                0x00000000080025a8       0x10 Core/Src/stm32f1xx_it.o
                0x00000000080025a8                DMA1_Channel2_IRQHandler
 .text.DMA1_Channel3_IRQHandler
                0x00000000080025b8       0x10 Core/Src/stm32f1xx_it.o
                0x00000000080025b8                DMA1_Channel3_IRQHandler
 .text.DMA1_Channel4_IRQHandler
                0x00000000080025c8       0x20 Core/Src/stm32f1xx_it.o
                0x00000000080025c8                DMA1_Channel4_IRQHandler
 .text.EXTI9_5_IRQHandler
                0x00000000080025e8        0xa Core/Src/stm32f1xx_it.o
                0x00000000080025e8                EXTI9_5_IRQHandler
 .text._read    0x00000000080025f2       0x1a Core/Src/syscalls.o
                0x00000000080025f2                _read
 .text._write   0x000000000800260c       0x1a Core/Src/syscalls.o
                0x000000000800260c                _write
 .text._close   0x0000000008002626        0x6 Core/Src/syscalls.o
                0x0000000008002626                _close
 .text._fstat   0x000000000800262c        0xa Core/Src/syscalls.o
                0x000000000800262c                _fstat
 .text._isatty  0x0000000008002636        0x4 Core/Src/syscalls.o
                0x0000000008002636                _isatty
 .text._lseek   0x000000000800263a        0x4 Core/Src/syscalls.o
                0x000000000800263a                _lseek
 *fill*         0x000000000800263e        0x2 
 .text._sbrk    0x0000000008002640       0x3c Core/Src/sysmem.o
                0x0000000008002640                _sbrk
 .text.SystemInit
                0x000000000800267c       0x4c Core/Src/system_stm32f1xx.o
                0x000000000800267c                SystemInit
 .text.HAL_TIM_Base_MspInit
                0x00000000080026c8       0x6c Core/Src/tim.o
                0x00000000080026c8                HAL_TIM_Base_MspInit
 .text.HAL_TIM_MspPostInit
                0x0000000008002734       0x50 Core/Src/tim.o
                0x0000000008002734                HAL_TIM_MspPostInit
 .text.MX_TIM4_Init
                0x0000000008002784       0xb0 Core/Src/tim.o
                0x0000000008002784                MX_TIM4_Init
 .text.MX_USART1_UART_Init
                0x0000000008002834       0x34 Core/Src/usart.o
                0x0000000008002834                MX_USART1_UART_Init
 .text.HAL_UART_MspInit
                0x0000000008002868       0x78 Core/Src/usart.o
                0x0000000008002868                HAL_UART_MspInit
 .text.SPI_TxByte
                0x00000000080028e0       0x2c Core/Src/userSD.o
 .text.SELECT   0x000000000800290c       0x14 Core/Src/userSD.o
 .text.DESELECT
                0x0000000008002920       0x14 Core/Src/userSD.o
 .text.SPI_RxByte
                0x0000000008002934       0x3c Core/Src/userSD.o
 .text.SD_PowerOn
                0x0000000008002970       0x74 Core/Src/userSD.o
 .text.SD_ReadyWait
                0x00000000080029e4       0x24 Core/Src/userSD.o
 .text.SD_SendCmd
                0x0000000008002a08       0x70 Core/Src/userSD.o
 .text.SD_TxDataBlock
                0x0000000008002a78       0x72 Core/Src/userSD.o
 *fill*         0x0000000008002aea        0x2 
 .text.SD_RxDataBlock
                0x0000000008002aec       0x60 Core/Src/userSD.o
 .text.SD_1msTick
                0x0000000008002b4c       0x48 Core/Src/userSD.o
                0x0000000008002b4c                SD_1msTick
 .text.SD_disk_initialize
                0x0000000008002b94      0x194 Core/Src/userSD.o
                0x0000000008002b94                SD_disk_initialize
 .text.SD_disk_status
                0x0000000008002d28       0x14 Core/Src/userSD.o
                0x0000000008002d28                SD_disk_status
 .text.SD_disk_read
                0x0000000008002d3c       0x98 Core/Src/userSD.o
                0x0000000008002d3c                SD_disk_read
 .text.SD_disk_write
                0x0000000008002dd4       0xc4 Core/Src/userSD.o
                0x0000000008002dd4                SD_disk_write
 .text.SD_disk_ioctl
                0x0000000008002e98      0x184 Core/Src/userSD.o
                0x0000000008002e98                SD_disk_ioctl
 .text.SD_read_settings
                0x000000000800301c      0x180 Core/Src/userSD.o
                0x000000000800301c                SD_read_settings
 .text.SD_change_file
                0x000000000800319c      0x120 Core/Src/userSD.o
                0x000000000800319c                SD_change_file
 .text.SD_prepare_file
                0x00000000080032bc       0xf0 Core/Src/userSD.o
                0x00000000080032bc                SD_prepare_file
 .text.SD_update_bufer
                0x00000000080033ac       0x6c Core/Src/userSD.o
                0x00000000080033ac                SD_update_bufer
 .text.__io_putchar
                0x0000000008003418       0x24 Core/Src/userUSART.o
                0x0000000008003418                __io_putchar
 .text.WS2812_start
                0x000000000800343c       0xc4 Core/Src/userWS2812.o
                0x000000000800343c                WS2812_start
 .text.WS2812_prepare_data
                0x0000000008003500      0x190 Core/Src/userWS2812.o
                0x0000000008003500                WS2812_prepare_data
 .text.WS2812_setColor
                0x0000000008003690       0x2a Core/Src/userWS2812.o
                0x0000000008003690                WS2812_setColor
 .text.WS2812_fill
                0x00000000080036ba       0x1e Core/Src/userWS2812.o
                0x00000000080036ba                WS2812_fill
 .text.WS2812_clear
                0x00000000080036d8       0x12 Core/Src/userWS2812.o
                0x00000000080036d8                WS2812_clear
 *fill*         0x00000000080036ea        0x2 
 .text.Reset_Handler
                0x00000000080036ec       0x48 Core/Startup/startup_stm32f103c8tx.o
                0x00000000080036ec                Reset_Handler
 .text.Default_Handler
                0x0000000008003734        0x2 Core/Startup/startup_stm32f103c8tx.o
                0x0000000008003734                RTC_Alarm_IRQHandler
                0x0000000008003734                EXTI2_IRQHandler
                0x0000000008003734                TIM1_CC_IRQHandler
                0x0000000008003734                PVD_IRQHandler
                0x0000000008003734                EXTI3_IRQHandler
                0x0000000008003734                EXTI0_IRQHandler
                0x0000000008003734                I2C2_EV_IRQHandler
                0x0000000008003734                ADC1_2_IRQHandler
                0x0000000008003734                SPI1_IRQHandler
                0x0000000008003734                TAMPER_IRQHandler
                0x0000000008003734                USART3_IRQHandler
                0x0000000008003734                RTC_IRQHandler
                0x0000000008003734                DMA1_Channel7_IRQHandler
                0x0000000008003734                CAN1_RX1_IRQHandler
                0x0000000008003734                TIM4_IRQHandler
                0x0000000008003734                I2C1_EV_IRQHandler
                0x0000000008003734                DMA1_Channel6_IRQHandler
                0x0000000008003734                TIM3_IRQHandler
                0x0000000008003734                RCC_IRQHandler
                0x0000000008003734                TIM1_TRG_COM_IRQHandler
                0x0000000008003734                DMA1_Channel1_IRQHandler
                0x0000000008003734                Default_Handler
                0x0000000008003734                EXTI15_10_IRQHandler
                0x0000000008003734                SPI2_IRQHandler
                0x0000000008003734                DMA1_Channel5_IRQHandler
                0x0000000008003734                EXTI4_IRQHandler
                0x0000000008003734                USB_LP_CAN1_RX0_IRQHandler
                0x0000000008003734                USB_HP_CAN1_TX_IRQHandler
                0x0000000008003734                TIM1_UP_IRQHandler
                0x0000000008003734                WWDG_IRQHandler
                0x0000000008003734                TIM2_IRQHandler
                0x0000000008003734                TIM1_BRK_IRQHandler
                0x0000000008003734                EXTI1_IRQHandler
                0x0000000008003734                USART2_IRQHandler
                0x0000000008003734                I2C2_ER_IRQHandler
                0x0000000008003734                CAN1_SCE_IRQHandler
                0x0000000008003734                FLASH_IRQHandler
                0x0000000008003734                USART1_IRQHandler
                0x0000000008003734                I2C1_ER_IRQHandler
                0x0000000008003734                USBWakeUp_IRQHandler
 *fill*         0x0000000008003736        0x2 
 .text.HAL_InitTick
                0x0000000008003738       0x4c Drivers/STM32F1xx_HAL_Driver/Src/stm32f1xx_hal.o
                0x0000000008003738                HAL_InitTick
 .text.HAL_Init
                0x0000000008003784       0x24 Drivers/STM32F1xx_HAL_Driver/Src/stm32f1xx_hal.o
                0x0000000008003784                HAL_Init
 .text.HAL_IncTick
                0x00000000080037a8       0x18 Drivers/STM32F1xx_HAL_Driver/Src/stm32f1xx_hal.o
                0x00000000080037a8                HAL_IncTick
 .text.HAL_GetTick
                0x00000000080037c0        0xc Drivers/STM32F1xx_HAL_Driver/Src/stm32f1xx_hal.o
                0x00000000080037c0                HAL_GetTick
 .text.HAL_Delay
                0x00000000080037cc       0x28 Drivers/STM32F1xx_HAL_Driver/Src/stm32f1xx_hal.o
                0x00000000080037cc                HAL_Delay
 .text.HAL_ADC_PollForConversion
                0x00000000080037f4      0x198 Drivers/STM32F1xx_HAL_Driver/Src/stm32f1xx_hal_adc.o
                0x00000000080037f4                HAL_ADC_PollForConversion
 .text.HAL_ADC_GetValue
                0x000000000800398c       0x2c Drivers/STM32F1xx_HAL_Driver/Src/stm32f1xx_hal_adc.o
                0x000000000800398c                HAL_ADC_GetValue
 .text.HAL_ADC_ConfigChannel
                0x00000000080039b8      0x19c Drivers/STM32F1xx_HAL_Driver/Src/stm32f1xx_hal_adc.o
                0x00000000080039b8                HAL_ADC_ConfigChannel
 .text.ADC_Enable
                0x0000000008003b54       0x80 Drivers/STM32F1xx_HAL_Driver/Src/stm32f1xx_hal_adc.o
                0x0000000008003b54                ADC_Enable
 .text.HAL_ADC_Start
                0x0000000008003bd4      0x108 Drivers/STM32F1xx_HAL_Driver/Src/stm32f1xx_hal_adc.o
                0x0000000008003bd4                HAL_ADC_Start
 .text.ADC_ConversionStop_Disable
                0x0000000008003cdc       0x4c Drivers/STM32F1xx_HAL_Driver/Src/stm32f1xx_hal_adc.o
                0x0000000008003cdc                ADC_ConversionStop_Disable
 .text.HAL_ADC_Init
                0x0000000008003d28      0x1d8 Drivers/STM32F1xx_HAL_Driver/Src/stm32f1xx_hal_adc.o
                0x0000000008003d28                HAL_ADC_Init
 .text.HAL_ADC_Stop
                0x0000000008003f00       0x5c Drivers/STM32F1xx_HAL_Driver/Src/stm32f1xx_hal_adc.o
                0x0000000008003f00                HAL_ADC_Stop
 .text.HAL_NVIC_SetPriorityGrouping
                0x0000000008003f5c       0x3c Drivers/STM32F1xx_HAL_Driver/Src/stm32f1xx_hal_cortex.o
                0x0000000008003f5c                HAL_NVIC_SetPriorityGrouping
 .text.HAL_NVIC_SetPriority
                0x0000000008003f98       0x88 Drivers/STM32F1xx_HAL_Driver/Src/stm32f1xx_hal_cortex.o
                0x0000000008003f98                HAL_NVIC_SetPriority
 .text.HAL_NVIC_EnableIRQ
                0x0000000008004020       0x2c Drivers/STM32F1xx_HAL_Driver/Src/stm32f1xx_hal_cortex.o
                0x0000000008004020                HAL_NVIC_EnableIRQ
 .text.HAL_SYSTICK_Config
                0x000000000800404c       0x2c Drivers/STM32F1xx_HAL_Driver/Src/stm32f1xx_hal_cortex.o
                0x000000000800404c                HAL_SYSTICK_Config
 .text.HAL_DMA_Init
                0x0000000008004078      0x13c Drivers/STM32F1xx_HAL_Driver/Src/stm32f1xx_hal_dma.o
                0x0000000008004078                HAL_DMA_Init
 .text.HAL_DMA_Start_IT
                0x00000000080041b4       0xb4 Drivers/STM32F1xx_HAL_Driver/Src/stm32f1xx_hal_dma.o
                0x00000000080041b4                HAL_DMA_Start_IT
 .text.HAL_DMA_Abort_IT
                0x0000000008004268       0x94 Drivers/STM32F1xx_HAL_Driver/Src/stm32f1xx_hal_dma.o
                0x0000000008004268                HAL_DMA_Abort_IT
 .text.HAL_DMA_IRQHandler
                0x00000000080042fc      0x140 Drivers/STM32F1xx_HAL_Driver/Src/stm32f1xx_hal_dma.o
                0x00000000080042fc                HAL_DMA_IRQHandler
 .text.HAL_GPIO_Init
                0x000000000800443c      0x2e4 Drivers/STM32F1xx_HAL_Driver/Src/stm32f1xx_hal_gpio.o
                0x000000000800443c                HAL_GPIO_Init
 .text.HAL_GPIO_ReadPin
                0x0000000008004720       0x24 Drivers/STM32F1xx_HAL_Driver/Src/stm32f1xx_hal_gpio.o
                0x0000000008004720                HAL_GPIO_ReadPin
 .text.HAL_GPIO_WritePin
                0x0000000008004744       0x38 Drivers/STM32F1xx_HAL_Driver/Src/stm32f1xx_hal_gpio.o
                0x0000000008004744                HAL_GPIO_WritePin
 .text.HAL_GPIO_TogglePin
                0x000000000800477c       0x2c Drivers/STM32F1xx_HAL_Driver/Src/stm32f1xx_hal_gpio.o
                0x000000000800477c                HAL_GPIO_TogglePin
 .text.HAL_GPIO_EXTI_Callback
                0x00000000080047a8        0x2 Drivers/STM32F1xx_HAL_Driver/Src/stm32f1xx_hal_gpio.o
                0x00000000080047a8                HAL_GPIO_EXTI_Callback
 *fill*         0x00000000080047aa        0x2 
 .text.HAL_GPIO_EXTI_IRQHandler
                0x00000000080047ac       0x1c Drivers/STM32F1xx_HAL_Driver/Src/stm32f1xx_hal_gpio.o
                0x00000000080047ac                HAL_GPIO_EXTI_IRQHandler
 .text.HAL_I2C_Init
                0x00000000080047c8      0x23c Drivers/STM32F1xx_HAL_Driver/Src/stm32f1xx_hal_i2c.o
                0x00000000080047c8                HAL_I2C_Init
 .text.HAL_RCC_OscConfig
                0x0000000008004a04      0x538 Drivers/STM32F1xx_HAL_Driver/Src/stm32f1xx_hal_rcc.o
                0x0000000008004a04                HAL_RCC_OscConfig
 .text.HAL_RCC_GetSysClockFreq
                0x0000000008004f3c       0x70 Drivers/STM32F1xx_HAL_Driver/Src/stm32f1xx_hal_rcc.o
                0x0000000008004f3c                HAL_RCC_GetSysClockFreq
 .text.HAL_RCC_ClockConfig
                0x0000000008004fac      0x220 Drivers/STM32F1xx_HAL_Driver/Src/stm32f1xx_hal_rcc.o
                0x0000000008004fac                HAL_RCC_ClockConfig
 .text.HAL_RCC_GetPCLK1Freq
                0x00000000080051cc       0x20 Drivers/STM32F1xx_HAL_Driver/Src/stm32f1xx_hal_rcc.o
                0x00000000080051cc                HAL_RCC_GetPCLK1Freq
 .text.HAL_RCC_GetPCLK2Freq
                0x00000000080051ec       0x20 Drivers/STM32F1xx_HAL_Driver/Src/stm32f1xx_hal_rcc.o
                0x00000000080051ec                HAL_RCC_GetPCLK2Freq
 .text.HAL_RCCEx_PeriphCLKConfig
                0x000000000800520c      0x174 Drivers/STM32F1xx_HAL_Driver/Src/stm32f1xx_hal_rcc_ex.o
                0x000000000800520c                HAL_RCCEx_PeriphCLKConfig
 .text.HAL_RCCEx_GetPeriphCLKFreq
                0x0000000008005380      0x11c Drivers/STM32F1xx_HAL_Driver/Src/stm32f1xx_hal_rcc_ex.o
                0x0000000008005380                HAL_RCCEx_GetPeriphCLKFreq
 .text.SPI_WaitFlagStateUntilTimeout
                0x000000000800549c       0x90 Drivers/STM32F1xx_HAL_Driver/Src/stm32f1xx_hal_spi.o
 .text.SPI_EndRxTxTransaction
                0x000000000800552c       0x28 Drivers/STM32F1xx_HAL_Driver/Src/stm32f1xx_hal_spi.o
 .text.SPI_EndRxTransaction
                0x0000000008005554       0x7a Drivers/STM32F1xx_HAL_Driver/Src/stm32f1xx_hal_spi.o
 *fill*         0x00000000080055ce        0x2 
 .text.HAL_SPI_Init
                0x00000000080055d0      0x168 Drivers/STM32F1xx_HAL_Driver/Src/stm32f1xx_hal_spi.o
                0x00000000080055d0                HAL_SPI_Init
 .text.HAL_SPI_Transmit
                0x0000000008005738      0x1b0 Drivers/STM32F1xx_HAL_Driver/Src/stm32f1xx_hal_spi.o
                0x0000000008005738                HAL_SPI_Transmit
 .text.HAL_SPI_TransmitReceive
                0x00000000080058e8      0x250 Drivers/STM32F1xx_HAL_Driver/Src/stm32f1xx_hal_spi.o
                0x00000000080058e8                HAL_SPI_TransmitReceive
 .text.HAL_SPI_TransmitReceive_DMA
                0x0000000008005b38      0x188 Drivers/STM32F1xx_HAL_Driver/Src/stm32f1xx_hal_spi.o
                0x0000000008005b38                HAL_SPI_TransmitReceive_DMA
 .text.HAL_SPI_RxCpltCallback
                0x0000000008005cc0        0x2 Drivers/STM32F1xx_HAL_Driver/Src/stm32f1xx_hal_spi.o
                0x0000000008005cc0                HAL_SPI_RxCpltCallback
 .text.HAL_SPI_TxRxCpltCallback
                0x0000000008005cc2        0x2 Drivers/STM32F1xx_HAL_Driver/Src/stm32f1xx_hal_spi.o
                0x0000000008005cc2                HAL_SPI_TxRxCpltCallback
 .text.HAL_SPI_RxHalfCpltCallback
                0x0000000008005cc4        0x2 Drivers/STM32F1xx_HAL_Driver/Src/stm32f1xx_hal_spi.o
                0x0000000008005cc4                HAL_SPI_RxHalfCpltCallback
 .text.SPI_DMAHalfReceiveCplt
                0x0000000008005cc6        0xa Drivers/STM32F1xx_HAL_Driver/Src/stm32f1xx_hal_spi.o
 .text.HAL_SPI_TxRxHalfCpltCallback
                0x0000000008005cd0        0x2 Drivers/STM32F1xx_HAL_Driver/Src/stm32f1xx_hal_spi.o
                0x0000000008005cd0                HAL_SPI_TxRxHalfCpltCallback
 .text.SPI_DMAHalfTransmitReceiveCplt
                0x0000000008005cd2        0xa Drivers/STM32F1xx_HAL_Driver/Src/stm32f1xx_hal_spi.o
 .text.HAL_SPI_ErrorCallback
                0x0000000008005cdc        0x2 Drivers/STM32F1xx_HAL_Driver/Src/stm32f1xx_hal_spi.o
                0x0000000008005cdc                HAL_SPI_ErrorCallback
 .text.SPI_DMAError
                0x0000000008005cde       0x22 Drivers/STM32F1xx_HAL_Driver/Src/stm32f1xx_hal_spi.o
 .text.SPI_DMAReceiveCplt
                0x0000000008005d00       0x56 Drivers/STM32F1xx_HAL_Driver/Src/stm32f1xx_hal_spi.o
 .text.SPI_DMATransmitReceiveCplt
                0x0000000008005d56       0x5c Drivers/STM32F1xx_HAL_Driver/Src/stm32f1xx_hal_spi.o
 .text.HAL_SPI_GetState
                0x0000000008005db2        0x6 Drivers/STM32F1xx_HAL_Driver/Src/stm32f1xx_hal_spi.o
                0x0000000008005db2                HAL_SPI_GetState
 .text.TIM_OC1_SetConfig
                0x0000000008005db8       0x9c Drivers/STM32F1xx_HAL_Driver/Src/stm32f1xx_hal_tim.o
 .text.TIM_OC3_SetConfig
                0x0000000008005e54       0xa0 Drivers/STM32F1xx_HAL_Driver/Src/stm32f1xx_hal_tim.o
 .text.TIM_OC4_SetConfig
                0x0000000008005ef4       0x6c Drivers/STM32F1xx_HAL_Driver/Src/stm32f1xx_hal_tim.o
 .text.HAL_TIM_PWM_MspInit
                0x0000000008005f60        0x2 Drivers/STM32F1xx_HAL_Driver/Src/stm32f1xx_hal_tim.o
                0x0000000008005f60                HAL_TIM_PWM_MspInit
 .text.HAL_TIM_PWM_PulseFinishedCallback
                0x0000000008005f62        0x2 Drivers/STM32F1xx_HAL_Driver/Src/stm32f1xx_hal_tim.o
                0x0000000008005f62                HAL_TIM_PWM_PulseFinishedCallback
 .text.TIM_DMADelayPulseCplt
                0x0000000008005f64       0x44 Drivers/STM32F1xx_HAL_Driver/Src/stm32f1xx_hal_tim.o
                0x0000000008005f64                TIM_DMADelayPulseCplt
 .text.HAL_TIM_PWM_PulseFinishedHalfCpltCallback
                0x0000000008005fa8        0x2 Drivers/STM32F1xx_HAL_Driver/Src/stm32f1xx_hal_tim.o
                0x0000000008005fa8                HAL_TIM_PWM_PulseFinishedHalfCpltCallback
 .text.TIM_DMADelayPulseHalfCplt
                0x0000000008005faa       0x44 Drivers/STM32F1xx_HAL_Driver/Src/stm32f1xx_hal_tim.o
                0x0000000008005faa                TIM_DMADelayPulseHalfCplt
 .text.HAL_TIM_ErrorCallback
                0x0000000008005fee        0x2 Drivers/STM32F1xx_HAL_Driver/Src/stm32f1xx_hal_tim.o
                0x0000000008005fee                HAL_TIM_ErrorCallback
 .text.TIM_DMAError
                0x0000000008005ff0       0x10 Drivers/STM32F1xx_HAL_Driver/Src/stm32f1xx_hal_tim.o
                0x0000000008005ff0                TIM_DMAError
 .text.TIM_Base_SetConfig
                0x0000000008006000       0x88 Drivers/STM32F1xx_HAL_Driver/Src/stm32f1xx_hal_tim.o
                0x0000000008006000                TIM_Base_SetConfig
 .text.HAL_TIM_Base_Init
                0x0000000008006088       0xb0 Drivers/STM32F1xx_HAL_Driver/Src/stm32f1xx_hal_tim.o
                0x0000000008006088                HAL_TIM_Base_Init
 .text.HAL_TIM_PWM_Init
                0x0000000008006138       0xb0 Drivers/STM32F1xx_HAL_Driver/Src/stm32f1xx_hal_tim.o
                0x0000000008006138                HAL_TIM_PWM_Init
 .text.TIM_OC2_SetConfig
                0x00000000080061e8       0xa4 Drivers/STM32F1xx_HAL_Driver/Src/stm32f1xx_hal_tim.o
                0x00000000080061e8                TIM_OC2_SetConfig
 .text.HAL_TIM_PWM_ConfigChannel
                0x000000000800628c      0x1e4 Drivers/STM32F1xx_HAL_Driver/Src/stm32f1xx_hal_tim.o
                0x000000000800628c                HAL_TIM_PWM_ConfigChannel
 .text.TIM_ETR_SetConfig
                0x0000000008006470       0x16 Drivers/STM32F1xx_HAL_Driver/Src/stm32f1xx_hal_tim.o
                0x0000000008006470                TIM_ETR_SetConfig
 *fill*         0x0000000008006486        0x2 
 .text.HAL_TIM_ConfigClockSource
                0x0000000008006488      0x3d8 Drivers/STM32F1xx_HAL_Driver/Src/stm32f1xx_hal_tim.o
                0x0000000008006488                HAL_TIM_ConfigClockSource
 .text.TIM_CCxChannelCmd
                0x0000000008006860       0x6c Drivers/STM32F1xx_HAL_Driver/Src/stm32f1xx_hal_tim.o
                0x0000000008006860                TIM_CCxChannelCmd
 .text.HAL_TIM_PWM_Start_DMA
                0x00000000080068cc      0x198 Drivers/STM32F1xx_HAL_Driver/Src/stm32f1xx_hal_tim.o
                0x00000000080068cc                HAL_TIM_PWM_Start_DMA
 .text.HAL_TIM_PWM_Stop_DMA
                0x0000000008006a64       0xfc Drivers/STM32F1xx_HAL_Driver/Src/stm32f1xx_hal_tim.o
                0x0000000008006a64                HAL_TIM_PWM_Stop_DMA
 .text.HAL_TIMEx_MasterConfigSynchronization
                0x0000000008006b60       0xa8 Drivers/STM32F1xx_HAL_Driver/Src/stm32f1xx_hal_tim_ex.o
                0x0000000008006b60                HAL_TIMEx_MasterConfigSynchronization
 .text.UART_SetConfig
                0x0000000008006c08      0x118 Drivers/STM32F1xx_HAL_Driver/Src/stm32f1xx_hal_uart.o
 .text.UART_WaitOnFlagUntilTimeout
                0x0000000008006d20       0x62 Drivers/STM32F1xx_HAL_Driver/Src/stm32f1xx_hal_uart.o
 *fill*         0x0000000008006d82        0x2 
 .text.HAL_UART_Init
                0x0000000008006d84       0xec Drivers/STM32F1xx_HAL_Driver/Src/stm32f1xx_hal_uart.o
                0x0000000008006d84                HAL_UART_Init
 .text.HAL_UART_Transmit
                0x0000000008006e70       0xe8 Drivers/STM32F1xx_HAL_Driver/Src/stm32f1xx_hal_uart.o
                0x0000000008006e70                HAL_UART_Transmit
 .text.MX_FATFS_Init
                0x0000000008006f58       0x1c FATFS/App/fatfs.o
                0x0000000008006f58                MX_FATFS_Init
 .text.get_fattime
                0x0000000008006f74        0x4 FATFS/App/fatfs.o
                0x0000000008006f74                get_fattime
 .text.USER_initialize
                0x0000000008006f78        0x8 FATFS/Target/user_diskio.o
                0x0000000008006f78                USER_initialize
 .text.USER_status
                0x0000000008006f80        0x8 FATFS/Target/user_diskio.o
                0x0000000008006f80                USER_status
 .text.USER_read
                0x0000000008006f88        0x8 FATFS/Target/user_diskio.o
                0x0000000008006f88                USER_read
 .text.USER_write
                0x0000000008006f90        0x8 FATFS/Target/user_diskio.o
                0x0000000008006f90                USER_write
 .text.USER_ioctl
                0x0000000008006f98        0x8 FATFS/Target/user_diskio.o
                0x0000000008006f98                USER_ioctl
 .text.disk_status
                0x0000000008006fa0       0x18 Middlewares/Third_Party/FatFs/src/diskio.o
                0x0000000008006fa0                disk_status
 .text.disk_initialize
                0x0000000008006fb8       0x28 Middlewares/Third_Party/FatFs/src/diskio.o
                0x0000000008006fb8                disk_initialize
 .text.disk_read
                0x0000000008006fe0       0x18 Middlewares/Third_Party/FatFs/src/diskio.o
                0x0000000008006fe0                disk_read
 .text.disk_write
                0x0000000008006ff8       0x18 Middlewares/Third_Party/FatFs/src/diskio.o
                0x0000000008006ff8                disk_write
 .text.disk_ioctl
                0x0000000008007010       0x18 Middlewares/Third_Party/FatFs/src/diskio.o
                0x0000000008007010                disk_ioctl
 .text.mem_cpy  0x0000000008007028       0x14 Middlewares/Third_Party/FatFs/src/ff.o
 .text.mem_set  0x000000000800703c        0xe Middlewares/Third_Party/FatFs/src/ff.o
 *fill*         0x000000000800704a        0x2 
 .text.chk_lock
                0x000000000800704c       0x90 Middlewares/Third_Party/FatFs/src/ff.o
 .text.inc_lock
                0x00000000080070dc       0xbc Middlewares/Third_Party/FatFs/src/ff.o
 .text.dec_lock
                0x0000000008007198       0x54 Middlewares/Third_Party/FatFs/src/ff.o
 .text.clmt_clust
                0x00000000080071ec       0x2c Middlewares/Third_Party/FatFs/src/ff.o
 .text.ld_clust
                0x0000000008007218       0x22 Middlewares/Third_Party/FatFs/src/ff.o
 .text.get_ldnumber
                0x000000000800723a       0x56 Middlewares/Third_Party/FatFs/src/ff.o
 .text.sync_window
                0x0000000008007290       0x72 Middlewares/Third_Party/FatFs/src/ff.o
 .text.move_window
                0x0000000008007302       0x3a Middlewares/Third_Party/FatFs/src/ff.o
 .text.check_fs
                0x000000000800733c       0x90 Middlewares/Third_Party/FatFs/src/ff.o
 .text.validate
                0x00000000080073cc       0x3e Middlewares/Third_Party/FatFs/src/ff.o
 *fill*         0x000000000800740a        0x2 
 .text.find_volume
                0x000000000800740c      0x3fc Middlewares/Third_Party/FatFs/src/ff.o
 .text.sync_fs  0x0000000008007808       0xc0 Middlewares/Third_Party/FatFs/src/ff.o
 .text.clust2sect
                0x00000000080078c8       0x1c Middlewares/Third_Party/FatFs/src/ff.o
                0x00000000080078c8                clust2sect
 .text.get_fat  0x00000000080078e4       0xdc Middlewares/Third_Party/FatFs/src/ff.o
                0x00000000080078e4                get_fat
 .text.dir_sdi  0x00000000080079c0       0xa6 Middlewares/Third_Party/FatFs/src/ff.o
 .text.put_fat  0x0000000008007a66      0x134 Middlewares/Third_Party/FatFs/src/ff.o
                0x0000000008007a66                put_fat
 .text.create_chain
                0x0000000008007b9a       0xcc Middlewares/Third_Party/FatFs/src/ff.o
 .text.dir_next
                0x0000000008007c66      0x11e Middlewares/Third_Party/FatFs/src/ff.o
 .text.follow_path
                0x0000000008007d84      0x1f4 Middlewares/Third_Party/FatFs/src/ff.o
 .text.dir_register
                0x0000000008007f78       0x72 Middlewares/Third_Party/FatFs/src/ff.o
 .text.remove_chain
                0x0000000008007fea       0x7a Middlewares/Third_Party/FatFs/src/ff.o
 .text.f_mount  0x0000000008008064       0x84 Middlewares/Third_Party/FatFs/src/ff.o
                0x0000000008008064                f_mount
 .text.f_open   0x00000000080080e8      0x1d0 Middlewares/Third_Party/FatFs/src/ff.o
                0x00000000080080e8                f_open
 .text.f_read   0x00000000080082b8      0x180 Middlewares/Third_Party/FatFs/src/ff.o
                0x00000000080082b8                f_read
 .text.f_write  0x0000000008008438      0x1d8 Middlewares/Third_Party/FatFs/src/ff.o
                0x0000000008008438                f_write
 .text.f_sync   0x0000000008008610       0x88 Middlewares/Third_Party/FatFs/src/ff.o
                0x0000000008008610                f_sync
 .text.f_close  0x0000000008008698       0x2e Middlewares/Third_Party/FatFs/src/ff.o
                0x0000000008008698                f_close
 .text.f_lseek  0x00000000080086c6      0x206 Middlewares/Third_Party/FatFs/src/ff.o
                0x00000000080086c6                f_lseek
 .text.FATFS_LinkDriverEx
                0x00000000080088cc       0x4c Middlewares/Third_Party/FatFs/src/ff_gen_drv.o
                0x00000000080088cc                FATFS_LinkDriverEx
 .text.FATFS_LinkDriver
                0x0000000008008918        0xa Middlewares/Third_Party/FatFs/src/ff_gen_drv.o
                0x0000000008008918                FATFS_LinkDriver
 *fill*         0x0000000008008922        0x2 
 .text.pow      0x0000000008008924      0x2b8 c:/st/stm32cubeide_1.3.0/stm32cubeide/plugins/com.st.stm32cube.ide.mcu.externaltools.gnu-tools-for-stm32.7-2018-q2-update.win32_1.0.0.201904181610/tools/bin/../lib/gcc/arm-none-eabi/7.3.1/../../../../arm-none-eabi/lib/thumb/v7-m\libm.a(lib_a-w_pow.o)
                0x0000000008008924                pow
 *fill*         0x0000000008008bdc        0x4 
 .text.__ieee754_pow
                0x0000000008008be0      0xa14 c:/st/stm32cubeide_1.3.0/stm32cubeide/plugins/com.st.stm32cube.ide.mcu.externaltools.gnu-tools-for-stm32.7-2018-q2-update.win32_1.0.0.201904181610/tools/bin/../lib/gcc/arm-none-eabi/7.3.1/../../../../arm-none-eabi/lib/thumb/v7-m\libm.a(lib_a-e_pow.o)
                0x0000000008008be0                __ieee754_pow
 .text.__ieee754_sqrt
                0x00000000080095f4      0x158 c:/st/stm32cubeide_1.3.0/stm32cubeide/plugins/com.st.stm32cube.ide.mcu.externaltools.gnu-tools-for-stm32.7-2018-q2-update.win32_1.0.0.201904181610/tools/bin/../lib/gcc/arm-none-eabi/7.3.1/../../../../arm-none-eabi/lib/thumb/v7-m\libm.a(lib_a-e_sqrt.o)
                0x00000000080095f4                __ieee754_sqrt
 .text.fabs     0x000000000800974c        0x8 c:/st/stm32cubeide_1.3.0/stm32cubeide/plugins/com.st.stm32cube.ide.mcu.externaltools.gnu-tools-for-stm32.7-2018-q2-update.win32_1.0.0.201904181610/tools/bin/../lib/gcc/arm-none-eabi/7.3.1/../../../../arm-none-eabi/lib/thumb/v7-m\libm.a(lib_a-s_fabs.o)
                0x000000000800974c                fabs
 .text.finite   0x0000000008009754        0xc c:/st/stm32cubeide_1.3.0/stm32cubeide/plugins/com.st.stm32cube.ide.mcu.externaltools.gnu-tools-for-stm32.7-2018-q2-update.win32_1.0.0.201904181610/tools/bin/../lib/gcc/arm-none-eabi/7.3.1/../../../../arm-none-eabi/lib/thumb/v7-m\libm.a(lib_a-s_finite.o)
                0x0000000008009754                finite
 .text.matherr  0x0000000008009760        0x4 c:/st/stm32cubeide_1.3.0/stm32cubeide/plugins/com.st.stm32cube.ide.mcu.externaltools.gnu-tools-for-stm32.7-2018-q2-update.win32_1.0.0.201904181610/tools/bin/../lib/gcc/arm-none-eabi/7.3.1/../../../../arm-none-eabi/lib/thumb/v7-m\libm.a(lib_a-s_matherr.o)
                0x0000000008009760                matherr
 .text.nan      0x0000000008009764        0xc c:/st/stm32cubeide_1.3.0/stm32cubeide/plugins/com.st.stm32cube.ide.mcu.externaltools.gnu-tools-for-stm32.7-2018-q2-update.win32_1.0.0.201904181610/tools/bin/../lib/gcc/arm-none-eabi/7.3.1/../../../../arm-none-eabi/lib/thumb/v7-m\libm.a(lib_a-s_nan.o)
                0x0000000008009764                nan
 .text.rint     0x0000000008009770      0x114 c:/st/stm32cubeide_1.3.0/stm32cubeide/plugins/com.st.stm32cube.ide.mcu.externaltools.gnu-tools-for-stm32.7-2018-q2-update.win32_1.0.0.201904181610/tools/bin/../lib/gcc/arm-none-eabi/7.3.1/../../../../arm-none-eabi/lib/thumb/v7-m\libm.a(lib_a-s_rint.o)
                0x0000000008009770                rint
 *fill*         0x0000000008009884        0x4 
 .text.scalbn   0x0000000008009888       0xdc c:/st/stm32cubeide_1.3.0/stm32cubeide/plugins/com.st.stm32cube.ide.mcu.externaltools.gnu-tools-for-stm32.7-2018-q2-update.win32_1.0.0.201904181610/tools/bin/../lib/gcc/arm-none-eabi/7.3.1/../../../../arm-none-eabi/lib/thumb/v7-m\libm.a(lib_a-s_scalbn.o)
                0x0000000008009888                scalbn
 .text.copysign
                0x0000000008009964       0x12 c:/st/stm32cubeide_1.3.0/stm32cubeide/plugins/com.st.stm32cube.ide.mcu.externaltools.gnu-tools-for-stm32.7-2018-q2-update.win32_1.0.0.201904181610/tools/bin/../lib/gcc/arm-none-eabi/7.3.1/../../../../arm-none-eabi/lib/thumb/v7-m\libm.a(lib_a-s_copysign.o)
                0x0000000008009964                copysign
 .text.atoi     0x0000000008009976        0x8 c:/st/stm32cubeide_1.3.0/stm32cubeide/plugins/com.st.stm32cube.ide.mcu.externaltools.gnu-tools-for-stm32.7-2018-q2-update.win32_1.0.0.201904181610/tools/bin/../lib/gcc/arm-none-eabi/7.3.1/../../../../arm-none-eabi/lib/thumb/v7-m\libc_nano.a(lib_a-atoi.o)
                0x0000000008009976                atoi
 *fill*         0x000000000800997e        0x2 
 .text.__errno  0x0000000008009980        0xc c:/st/stm32cubeide_1.3.0/stm32cubeide/plugins/com.st.stm32cube.ide.mcu.externaltools.gnu-tools-for-stm32.7-2018-q2-update.win32_1.0.0.201904181610/tools/bin/../lib/gcc/arm-none-eabi/7.3.1/../../../../arm-none-eabi/lib/thumb/v7-m\libc_nano.a(lib_a-errno.o)
                0x0000000008009980                __errno
 .text.__libc_init_array
                0x000000000800998c       0x48 c:/st/stm32cubeide_1.3.0/stm32cubeide/plugins/com.st.stm32cube.ide.mcu.externaltools.gnu-tools-for-stm32.7-2018-q2-update.win32_1.0.0.201904181610/tools/bin/../lib/gcc/arm-none-eabi/7.3.1/../../../../arm-none-eabi/lib/thumb/v7-m\libc_nano.a(lib_a-init.o)
                0x000000000800998c                __libc_init_array
 .text.__itoa   0x00000000080099d4       0x30 c:/st/stm32cubeide_1.3.0/stm32cubeide/plugins/com.st.stm32cube.ide.mcu.externaltools.gnu-tools-for-stm32.7-2018-q2-update.win32_1.0.0.201904181610/tools/bin/../lib/gcc/arm-none-eabi/7.3.1/../../../../arm-none-eabi/lib/thumb/v7-m\libc_nano.a(lib_a-itoa.o)
                0x00000000080099d4                __itoa
 .text.itoa     0x0000000008009a04        0x4 c:/st/stm32cubeide_1.3.0/stm32cubeide/plugins/com.st.stm32cube.ide.mcu.externaltools.gnu-tools-for-stm32.7-2018-q2-update.win32_1.0.0.201904181610/tools/bin/../lib/gcc/arm-none-eabi/7.3.1/../../../../arm-none-eabi/lib/thumb/v7-m\libc_nano.a(lib_a-itoa.o)
                0x0000000008009a04                itoa
 .text.memcpy   0x0000000008009a08       0x16 c:/st/stm32cubeide_1.3.0/stm32cubeide/plugins/com.st.stm32cube.ide.mcu.externaltools.gnu-tools-for-stm32.7-2018-q2-update.win32_1.0.0.201904181610/tools/bin/../lib/gcc/arm-none-eabi/7.3.1/../../../../arm-none-eabi/lib/thumb/v7-m\libc_nano.a(lib_a-memcpy-stub.o)
                0x0000000008009a08                memcpy
 .text.memset   0x0000000008009a1e       0x10 c:/st/stm32cubeide_1.3.0/stm32cubeide/plugins/com.st.stm32cube.ide.mcu.externaltools.gnu-tools-for-stm32.7-2018-q2-update.win32_1.0.0.201904181610/tools/bin/../lib/gcc/arm-none-eabi/7.3.1/../../../../arm-none-eabi/lib/thumb/v7-m\libc_nano.a(lib_a-memset.o)
                0x0000000008009a1e                memset
 *fill*         0x0000000008009a2e        0x2 
 .text.printf   0x0000000008009a30       0x30 c:/st/stm32cubeide_1.3.0/stm32cubeide/plugins/com.st.stm32cube.ide.mcu.externaltools.gnu-tools-for-stm32.7-2018-q2-update.win32_1.0.0.201904181610/tools/bin/../lib/gcc/arm-none-eabi/7.3.1/../../../../arm-none-eabi/lib/thumb/v7-m\libc_nano.a(lib_a-printf.o)
                0x0000000008009a30                iprintf
                0x0000000008009a30                printf
 .text._puts_r  0x0000000008009a60       0xb8 c:/st/stm32cubeide_1.3.0/stm32cubeide/plugins/com.st.stm32cube.ide.mcu.externaltools.gnu-tools-for-stm32.7-2018-q2-update.win32_1.0.0.201904181610/tools/bin/../lib/gcc/arm-none-eabi/7.3.1/../../../../arm-none-eabi/lib/thumb/v7-m\libc_nano.a(lib_a-puts.o)
                0x0000000008009a60                _puts_r
 .text.puts     0x0000000008009b18       0x10 c:/st/stm32cubeide_1.3.0/stm32cubeide/plugins/com.st.stm32cube.ide.mcu.externaltools.gnu-tools-for-stm32.7-2018-q2-update.win32_1.0.0.201904181610/tools/bin/../lib/gcc/arm-none-eabi/7.3.1/../../../../arm-none-eabi/lib/thumb/v7-m\libc_nano.a(lib_a-puts.o)
                0x0000000008009b18                puts
 .text.strcpy   0x0000000008009b28       0x10 c:/st/stm32cubeide_1.3.0/stm32cubeide/plugins/com.st.stm32cube.ide.mcu.externaltools.gnu-tools-for-stm32.7-2018-q2-update.win32_1.0.0.201904181610/tools/bin/../lib/gcc/arm-none-eabi/7.3.1/../../../../arm-none-eabi/lib/thumb/v7-m\libc_nano.a(lib_a-strcpy.o)
                0x0000000008009b28                strcpy
 .text._strtol_l.isra.0
                0x0000000008009b38       0xf6 c:/st/stm32cubeide_1.3.0/stm32cubeide/plugins/com.st.stm32cube.ide.mcu.externaltools.gnu-tools-for-stm32.7-2018-q2-update.win32_1.0.0.201904181610/tools/bin/../lib/gcc/arm-none-eabi/7.3.1/../../../../arm-none-eabi/lib/thumb/v7-m\libc_nano.a(lib_a-strtol.o)
 *fill*         0x0000000008009c2e        0x2 
 .text.strtol   0x0000000008009c30       0x2c c:/st/stm32cubeide_1.3.0/stm32cubeide/plugins/com.st.stm32cube.ide.mcu.externaltools.gnu-tools-for-stm32.7-2018-q2-update.win32_1.0.0.201904181610/tools/bin/../lib/gcc/arm-none-eabi/7.3.1/../../../../arm-none-eabi/lib/thumb/v7-m\libc_nano.a(lib_a-strtol.o)
                0x0000000008009c30                strtol
 .text.__utoa   0x0000000008009c5c       0x7c c:/st/stm32cubeide_1.3.0/stm32cubeide/plugins/com.st.stm32cube.ide.mcu.externaltools.gnu-tools-for-stm32.7-2018-q2-update.win32_1.0.0.201904181610/tools/bin/../lib/gcc/arm-none-eabi/7.3.1/../../../../arm-none-eabi/lib/thumb/v7-m\libc_nano.a(lib_a-utoa.o)
                0x0000000008009c5c                __utoa
 .text.__swbuf_r
                0x0000000008009cd8       0xa4 c:/st/stm32cubeide_1.3.0/stm32cubeide/plugins/com.st.stm32cube.ide.mcu.externaltools.gnu-tools-for-stm32.7-2018-q2-update.win32_1.0.0.201904181610/tools/bin/../lib/gcc/arm-none-eabi/7.3.1/../../../../arm-none-eabi/lib/thumb/v7-m\libc_nano.a(lib_a-wbuf.o)
                0x0000000008009cd8                __swbuf_r
 .text.__swsetup_r
                0x0000000008009d7c       0xdc c:/st/stm32cubeide_1.3.0/stm32cubeide/plugins/com.st.stm32cube.ide.mcu.externaltools.gnu-tools-for-stm32.7-2018-q2-update.win32_1.0.0.201904181610/tools/bin/../lib/gcc/arm-none-eabi/7.3.1/../../../../arm-none-eabi/lib/thumb/v7-m\libc_nano.a(lib_a-wsetup.o)
                0x0000000008009d7c                __swsetup_r
 .text.__sflush_r
                0x0000000008009e58      0x10c c:/st/stm32cubeide_1.3.0/stm32cubeide/plugins/com.st.stm32cube.ide.mcu.externaltools.gnu-tools-for-stm32.7-2018-q2-update.win32_1.0.0.201904181610/tools/bin/../lib/gcc/arm-none-eabi/7.3.1/../../../../arm-none-eabi/lib/thumb/v7-m\libc_nano.a(lib_a-fflush.o)
                0x0000000008009e58                __sflush_r
 .text._fflush_r
                0x0000000008009f64       0x54 c:/st/stm32cubeide_1.3.0/stm32cubeide/plugins/com.st.stm32cube.ide.mcu.externaltools.gnu-tools-for-stm32.7-2018-q2-update.win32_1.0.0.201904181610/tools/bin/../lib/gcc/arm-none-eabi/7.3.1/../../../../arm-none-eabi/lib/thumb/v7-m\libc_nano.a(lib_a-fflush.o)
                0x0000000008009f64                _fflush_r
 .text.std      0x0000000008009fb8       0x48 c:/st/stm32cubeide_1.3.0/stm32cubeide/plugins/com.st.stm32cube.ide.mcu.externaltools.gnu-tools-for-stm32.7-2018-q2-update.win32_1.0.0.201904181610/tools/bin/../lib/gcc/arm-none-eabi/7.3.1/../../../../arm-none-eabi/lib/thumb/v7-m\libc_nano.a(lib_a-findfp.o)
 .text._cleanup_r
                0x000000000800a000        0xc c:/st/stm32cubeide_1.3.0/stm32cubeide/plugins/com.st.stm32cube.ide.mcu.externaltools.gnu-tools-for-stm32.7-2018-q2-update.win32_1.0.0.201904181610/tools/bin/../lib/gcc/arm-none-eabi/7.3.1/../../../../arm-none-eabi/lib/thumb/v7-m\libc_nano.a(lib_a-findfp.o)
                0x000000000800a000                _cleanup_r
 .text.__sfmoreglue
                0x000000000800a00c       0x2c c:/st/stm32cubeide_1.3.0/stm32cubeide/plugins/com.st.stm32cube.ide.mcu.externaltools.gnu-tools-for-stm32.7-2018-q2-update.win32_1.0.0.201904181610/tools/bin/../lib/gcc/arm-none-eabi/7.3.1/../../../../arm-none-eabi/lib/thumb/v7-m\libc_nano.a(lib_a-findfp.o)
                0x000000000800a00c                __sfmoreglue
 .text.__sinit  0x000000000800a038       0x60 c:/st/stm32cubeide_1.3.0/stm32cubeide/plugins/com.st.stm32cube.ide.mcu.externaltools.gnu-tools-for-stm32.7-2018-q2-update.win32_1.0.0.201904181610/tools/bin/../lib/gcc/arm-none-eabi/7.3.1/../../../../arm-none-eabi/lib/thumb/v7-m\libc_nano.a(lib_a-findfp.o)
                0x000000000800a038                __sinit
 .text.__sfp    0x000000000800a098       0x78 c:/st/stm32cubeide_1.3.0/stm32cubeide/plugins/com.st.stm32cube.ide.mcu.externaltools.gnu-tools-for-stm32.7-2018-q2-update.win32_1.0.0.201904181610/tools/bin/../lib/gcc/arm-none-eabi/7.3.1/../../../../arm-none-eabi/lib/thumb/v7-m\libc_nano.a(lib_a-findfp.o)
                0x000000000800a098                __sfp
 .text._fwalk_reent
                0x000000000800a110       0x3c c:/st/stm32cubeide_1.3.0/stm32cubeide/plugins/com.st.stm32cube.ide.mcu.externaltools.gnu-tools-for-stm32.7-2018-q2-update.win32_1.0.0.201904181610/tools/bin/../lib/gcc/arm-none-eabi/7.3.1/../../../../arm-none-eabi/lib/thumb/v7-m\libc_nano.a(lib_a-fwalk.o)
                0x000000000800a110                _fwalk_reent
 .text.__locale_ctype_ptr_l
                0x000000000800a14c        0x6 c:/st/stm32cubeide_1.3.0/stm32cubeide/plugins/com.st.stm32cube.ide.mcu.externaltools.gnu-tools-for-stm32.7-2018-q2-update.win32_1.0.0.201904181610/tools/bin/../lib/gcc/arm-none-eabi/7.3.1/../../../../arm-none-eabi/lib/thumb/v7-m\libc_nano.a(lib_a-locale.o)
                0x000000000800a14c                __locale_ctype_ptr_l
 .text.__swhatbuf_r
                0x000000000800a152       0x48 c:/st/stm32cubeide_1.3.0/stm32cubeide/plugins/com.st.stm32cube.ide.mcu.externaltools.gnu-tools-for-stm32.7-2018-q2-update.win32_1.0.0.201904181610/tools/bin/../lib/gcc/arm-none-eabi/7.3.1/../../../../arm-none-eabi/lib/thumb/v7-m\libc_nano.a(lib_a-makebuf.o)
                0x000000000800a152                __swhatbuf_r
 *fill*         0x000000000800a19a        0x2 
 .text.__smakebuf_r
                0x000000000800a19c       0x80 c:/st/stm32cubeide_1.3.0/stm32cubeide/plugins/com.st.stm32cube.ide.mcu.externaltools.gnu-tools-for-stm32.7-2018-q2-update.win32_1.0.0.201904181610/tools/bin/../lib/gcc/arm-none-eabi/7.3.1/../../../../arm-none-eabi/lib/thumb/v7-m\libc_nano.a(lib_a-makebuf.o)
                0x000000000800a19c                __smakebuf_r
 .text.__ascii_mbtowc
                0x000000000800a21c       0x24 c:/st/stm32cubeide_1.3.0/stm32cubeide/plugins/com.st.stm32cube.ide.mcu.externaltools.gnu-tools-for-stm32.7-2018-q2-update.win32_1.0.0.201904181610/tools/bin/../lib/gcc/arm-none-eabi/7.3.1/../../../../arm-none-eabi/lib/thumb/v7-m\libc_nano.a(lib_a-mbtowc_r.o)
                0x000000000800a21c                __ascii_mbtowc
 .text._free_r  0x000000000800a240       0x98 c:/st/stm32cubeide_1.3.0/stm32cubeide/plugins/com.st.stm32cube.ide.mcu.externaltools.gnu-tools-for-stm32.7-2018-q2-update.win32_1.0.0.201904181610/tools/bin/../lib/gcc/arm-none-eabi/7.3.1/../../../../arm-none-eabi/lib/thumb/v7-m\libc_nano.a(lib_a-nano-freer.o)
                0x000000000800a240                _free_r
 .text._malloc_r
                0x000000000800a2d8       0xb4 c:/st/stm32cubeide_1.3.0/stm32cubeide/plugins/com.st.stm32cube.ide.mcu.externaltools.gnu-tools-for-stm32.7-2018-q2-update.win32_1.0.0.201904181610/tools/bin/../lib/gcc/arm-none-eabi/7.3.1/../../../../arm-none-eabi/lib/thumb/v7-m\libc_nano.a(lib_a-nano-mallocr.o)
                0x000000000800a2d8                _malloc_r
 .text.__sfputc_r
                0x000000000800a38c       0x2a c:/st/stm32cubeide_1.3.0/stm32cubeide/plugins/com.st.stm32cube.ide.mcu.externaltools.gnu-tools-for-stm32.7-2018-q2-update.win32_1.0.0.201904181610/tools/bin/../lib/gcc/arm-none-eabi/7.3.1/../../../../arm-none-eabi/lib/thumb/v7-m\libc_nano.a(lib_a-nano-vfprintf.o)
 .text.__sfputs_r
                0x000000000800a3b6       0x24 c:/st/stm32cubeide_1.3.0/stm32cubeide/plugins/com.st.stm32cube.ide.mcu.externaltools.gnu-tools-for-stm32.7-2018-q2-update.win32_1.0.0.201904181610/tools/bin/../lib/gcc/arm-none-eabi/7.3.1/../../../../arm-none-eabi/lib/thumb/v7-m\libc_nano.a(lib_a-nano-vfprintf.o)
                0x000000000800a3b6                __sfputs_r
 *fill*         0x000000000800a3da        0x2 
 .text._vfprintf_r
                0x000000000800a3dc      0x22c c:/st/stm32cubeide_1.3.0/stm32cubeide/plugins/com.st.stm32cube.ide.mcu.externaltools.gnu-tools-for-stm32.7-2018-q2-update.win32_1.0.0.201904181610/tools/bin/../lib/gcc/arm-none-eabi/7.3.1/../../../../arm-none-eabi/lib/thumb/v7-m\libc_nano.a(lib_a-nano-vfprintf.o)
                0x000000000800a3dc                _vfprintf_r
                0x000000000800a3dc                _vfiprintf_r
 .text._printf_common
                0x000000000800a608       0xec c:/st/stm32cubeide_1.3.0/stm32cubeide/plugins/com.st.stm32cube.ide.mcu.externaltools.gnu-tools-for-stm32.7-2018-q2-update.win32_1.0.0.201904181610/tools/bin/../lib/gcc/arm-none-eabi/7.3.1/../../../../arm-none-eabi/lib/thumb/v7-m\libc_nano.a(lib_a-nano-vfprintf_i.o)
                0x000000000800a608                _printf_common
 .text._printf_i
                0x000000000800a6f4      0x224 c:/st/stm32cubeide_1.3.0/stm32cubeide/plugins/com.st.stm32cube.ide.mcu.externaltools.gnu-tools-for-stm32.7-2018-q2-update.win32_1.0.0.201904181610/tools/bin/../lib/gcc/arm-none-eabi/7.3.1/../../../../arm-none-eabi/lib/thumb/v7-m\libc_nano.a(lib_a-nano-vfprintf_i.o)
                0x000000000800a6f4                _printf_i
 .text._sbrk_r  0x000000000800a918       0x20 c:/st/stm32cubeide_1.3.0/stm32cubeide/plugins/com.st.stm32cube.ide.mcu.externaltools.gnu-tools-for-stm32.7-2018-q2-update.win32_1.0.0.201904181610/tools/bin/../lib/gcc/arm-none-eabi/7.3.1/../../../../arm-none-eabi/lib/thumb/v7-m\libc_nano.a(lib_a-sbrkr.o)
                0x000000000800a918                _sbrk_r
 .text.__sread  0x000000000800a938       0x22 c:/st/stm32cubeide_1.3.0/stm32cubeide/plugins/com.st.stm32cube.ide.mcu.externaltools.gnu-tools-for-stm32.7-2018-q2-update.win32_1.0.0.201904181610/tools/bin/../lib/gcc/arm-none-eabi/7.3.1/../../../../arm-none-eabi/lib/thumb/v7-m\libc_nano.a(lib_a-stdio.o)
                0x000000000800a938                __sread
 .text.__swrite
                0x000000000800a95a       0x38 c:/st/stm32cubeide_1.3.0/stm32cubeide/plugins/com.st.stm32cube.ide.mcu.externaltools.gnu-tools-for-stm32.7-2018-q2-update.win32_1.0.0.201904181610/tools/bin/../lib/gcc/arm-none-eabi/7.3.1/../../../../arm-none-eabi/lib/thumb/v7-m\libc_nano.a(lib_a-stdio.o)
                0x000000000800a95a                __swrite
 .text.__sseek  0x000000000800a992       0x24 c:/st/stm32cubeide_1.3.0/stm32cubeide/plugins/com.st.stm32cube.ide.mcu.externaltools.gnu-tools-for-stm32.7-2018-q2-update.win32_1.0.0.201904181610/tools/bin/../lib/gcc/arm-none-eabi/7.3.1/../../../../arm-none-eabi/lib/thumb/v7-m\libc_nano.a(lib_a-stdio.o)
                0x000000000800a992                __sseek
 .text.__sclose
                0x000000000800a9b6        0x8 c:/st/stm32cubeide_1.3.0/stm32cubeide/plugins/com.st.stm32cube.ide.mcu.externaltools.gnu-tools-for-stm32.7-2018-q2-update.win32_1.0.0.201904181610/tools/bin/../lib/gcc/arm-none-eabi/7.3.1/../../../../arm-none-eabi/lib/thumb/v7-m\libc_nano.a(lib_a-stdio.o)
                0x000000000800a9b6                __sclose
 .text.__ascii_wctomb
                0x000000000800a9be       0x1a c:/st/stm32cubeide_1.3.0/stm32cubeide/plugins/com.st.stm32cube.ide.mcu.externaltools.gnu-tools-for-stm32.7-2018-q2-update.win32_1.0.0.201904181610/tools/bin/../lib/gcc/arm-none-eabi/7.3.1/../../../../arm-none-eabi/lib/thumb/v7-m\libc_nano.a(lib_a-wctomb_r.o)
                0x000000000800a9be                __ascii_wctomb
 .text._write_r
                0x000000000800a9d8       0x24 c:/st/stm32cubeide_1.3.0/stm32cubeide/plugins/com.st.stm32cube.ide.mcu.externaltools.gnu-tools-for-stm32.7-2018-q2-update.win32_1.0.0.201904181610/tools/bin/../lib/gcc/arm-none-eabi/7.3.1/../../../../arm-none-eabi/lib/thumb/v7-m\libc_nano.a(lib_a-writer.o)
                0x000000000800a9d8                _write_r
 .text._close_r
                0x000000000800a9fc       0x20 c:/st/stm32cubeide_1.3.0/stm32cubeide/plugins/com.st.stm32cube.ide.mcu.externaltools.gnu-tools-for-stm32.7-2018-q2-update.win32_1.0.0.201904181610/tools/bin/../lib/gcc/arm-none-eabi/7.3.1/../../../../arm-none-eabi/lib/thumb/v7-m\libc_nano.a(lib_a-closer.o)
                0x000000000800a9fc                _close_r
 .text._fstat_r
                0x000000000800aa1c       0x24 c:/st/stm32cubeide_1.3.0/stm32cubeide/plugins/com.st.stm32cube.ide.mcu.externaltools.gnu-tools-for-stm32.7-2018-q2-update.win32_1.0.0.201904181610/tools/bin/../lib/gcc/arm-none-eabi/7.3.1/../../../../arm-none-eabi/lib/thumb/v7-m\libc_nano.a(lib_a-fstatr.o)
                0x000000000800aa1c                _fstat_r
 .text._isatty_r
                0x000000000800aa40       0x20 c:/st/stm32cubeide_1.3.0/stm32cubeide/plugins/com.st.stm32cube.ide.mcu.externaltools.gnu-tools-for-stm32.7-2018-q2-update.win32_1.0.0.201904181610/tools/bin/../lib/gcc/arm-none-eabi/7.3.1/../../../../arm-none-eabi/lib/thumb/v7-m\libc_nano.a(lib_a-isattyr.o)
                0x000000000800aa40                _isatty_r
 .text._lseek_r
                0x000000000800aa60       0x24 c:/st/stm32cubeide_1.3.0/stm32cubeide/plugins/com.st.stm32cube.ide.mcu.externaltools.gnu-tools-for-stm32.7-2018-q2-update.win32_1.0.0.201904181610/tools/bin/../lib/gcc/arm-none-eabi/7.3.1/../../../../arm-none-eabi/lib/thumb/v7-m\libc_nano.a(lib_a-lseekr.o)
                0x000000000800aa60                _lseek_r
 .text.memchr   0x000000000800aa84       0x1c c:/st/stm32cubeide_1.3.0/stm32cubeide/plugins/com.st.stm32cube.ide.mcu.externaltools.gnu-tools-for-stm32.7-2018-q2-update.win32_1.0.0.201904181610/tools/bin/../lib/gcc/arm-none-eabi/7.3.1/../../../../arm-none-eabi/lib/thumb/v7-m\libc_nano.a(lib_a-memchr-stub.o)
                0x000000000800aa84                memchr
 .text.__malloc_lock
                0x000000000800aaa0        0x2 c:/st/stm32cubeide_1.3.0/stm32cubeide/plugins/com.st.stm32cube.ide.mcu.externaltools.gnu-tools-for-stm32.7-2018-q2-update.win32_1.0.0.201904181610/tools/bin/../lib/gcc/arm-none-eabi/7.3.1/../../../../arm-none-eabi/lib/thumb/v7-m\libc_nano.a(lib_a-mlock.o)
                0x000000000800aaa0                __malloc_lock
 .text.__malloc_unlock
                0x000000000800aaa2        0x2 c:/st/stm32cubeide_1.3.0/stm32cubeide/plugins/com.st.stm32cube.ide.mcu.externaltools.gnu-tools-for-stm32.7-2018-q2-update.win32_1.0.0.201904181610/tools/bin/../lib/gcc/arm-none-eabi/7.3.1/../../../../arm-none-eabi/lib/thumb/v7-m\libc_nano.a(lib_a-mlock.o)
                0x000000000800aaa2                __malloc_unlock
 .text._read_r  0x000000000800aaa4       0x24 c:/st/stm32cubeide_1.3.0/stm32cubeide/plugins/com.st.stm32cube.ide.mcu.externaltools.gnu-tools-for-stm32.7-2018-q2-update.win32_1.0.0.201904181610/tools/bin/../lib/gcc/arm-none-eabi/7.3.1/../../../../arm-none-eabi/lib/thumb/v7-m\libc_nano.a(lib_a-readr.o)
                0x000000000800aaa4                _read_r
 *(.glue_7)
 .glue_7        0x000000000800aac8        0x0 linker stubs
 *(.glue_7t)
 .glue_7t       0x000000000800aac8        0x0 linker stubs
 *(.eh_frame)
 .eh_frame      0x000000000800aac8        0x0 c:/st/stm32cubeide_1.3.0/stm32cubeide/plugins/com.st.stm32cube.ide.mcu.externaltools.gnu-tools-for-stm32.7-2018-q2-update.win32_1.0.0.201904181610/tools/bin/../lib/gcc/arm-none-eabi/7.3.1/thumb/v7-m/crtbegin.o
 *(.init)
 .init          0x000000000800aac8        0x4 c:/st/stm32cubeide_1.3.0/stm32cubeide/plugins/com.st.stm32cube.ide.mcu.externaltools.gnu-tools-for-stm32.7-2018-q2-update.win32_1.0.0.201904181610/tools/bin/../lib/gcc/arm-none-eabi/7.3.1/thumb/v7-m/crti.o
                0x000000000800aac8                _init
 .init          0x000000000800aacc        0x8 c:/st/stm32cubeide_1.3.0/stm32cubeide/plugins/com.st.stm32cube.ide.mcu.externaltools.gnu-tools-for-stm32.7-2018-q2-update.win32_1.0.0.201904181610/tools/bin/../lib/gcc/arm-none-eabi/7.3.1/thumb/v7-m/crtn.o
 *(.fini)
 .fini          0x000000000800aad4        0x4 c:/st/stm32cubeide_1.3.0/stm32cubeide/plugins/com.st.stm32cube.ide.mcu.externaltools.gnu-tools-for-stm32.7-2018-q2-update.win32_1.0.0.201904181610/tools/bin/../lib/gcc/arm-none-eabi/7.3.1/thumb/v7-m/crti.o
                0x000000000800aad4                _fini
 .fini          0x000000000800aad8        0x8 c:/st/stm32cubeide_1.3.0/stm32cubeide/plugins/com.st.stm32cube.ide.mcu.externaltools.gnu-tools-for-stm32.7-2018-q2-update.win32_1.0.0.201904181610/tools/bin/../lib/gcc/arm-none-eabi/7.3.1/thumb/v7-m/crtn.o
                0x000000000800aae0                . = ALIGN (0x4)
                0x000000000800aae0                _etext = .

.vfp11_veneer   0x000000000800aae0        0x0
 .vfp11_veneer  0x000000000800aae0        0x0 linker stubs

.v4_bx          0x000000000800aae0        0x0
 .v4_bx         0x000000000800aae0        0x0 linker stubs

.iplt           0x000000000800aae0        0x0
 .iplt          0x000000000800aae0        0x0 c:/st/stm32cubeide_1.3.0/stm32cubeide/plugins/com.st.stm32cube.ide.mcu.externaltools.gnu-tools-for-stm32.7-2018-q2-update.win32_1.0.0.201904181610/tools/bin/../lib/gcc/arm-none-eabi/7.3.1/thumb/v7-m/crtbegin.o

.rodata         0x000000000800aae0      0x86c
                0x000000000800aae0                . = ALIGN (0x4)
 *(.rodata)
 .rodata        0x000000000800aae0       0x10 Drivers/STM32F1xx_HAL_Driver/Src/stm32f1xx_hal_rcc.o
 .rodata        0x000000000800aaf0       0x10 Drivers/STM32F1xx_HAL_Driver/Src/stm32f1xx_hal_rcc_ex.o
 *(.rodata*)
 .rodata.Error_Handler.str1.1
                0x000000000800ab00       0x28 Core/Src/main.o
                                         0x2d (size before relaxing)
 .rodata._Z14show_bat_levelv.str1.1
                0x000000000800ab28       0x10 Core/Src/main.o
 .rodata._Z4playv.str1.1
                0x000000000800ab38       0x43 Core/Src/main.o
 .rodata.main.str1.1
                0x000000000800ab7b       0x64 Core/Src/main.o
 *fill*         0x000000000800abdf        0x1 
 .rodata.NRF_Init.str1.4
                0x000000000800abe0       0xd9 Core/Src/nrf24l01.o
 *fill*         0x000000000800acb9        0x3 
 .rodata.child_payload_size
                0x000000000800acbc        0x6 Core/Src/nrf24l01.o
 *fill*         0x000000000800acc2        0x2 
 .rodata.child_pipe
                0x000000000800acc4        0x6 Core/Src/nrf24l01.o
 *fill*         0x000000000800acca        0x2 
 .rodata.child_pipe_enable
                0x000000000800accc        0x6 Core/Src/nrf24l01.o
 *fill*         0x000000000800acd2        0x2 
 .rodata.AHBPrescTable
                0x000000000800acd4       0x10 Core/Src/system_stm32f1xx.o
                0x000000000800acd4                AHBPrescTable
 .rodata.APBPrescTable
                0x000000000800ace4        0x8 Core/Src/system_stm32f1xx.o
                0x000000000800ace4                APBPrescTable
 .rodata.SD_change_file.str1.4
                0x000000000800acec       0x34 Core/Src/userSD.o
 .rodata.SD_prepare_file.str1.4
                0x000000000800ad20       0x8d Core/Src/userSD.o
 *fill*         0x000000000800adad        0x3 
 .rodata.SD_read_settings.str1.4
                0x000000000800adb0       0x7f Core/Src/userSD.o
                                         0x86 (size before relaxing)
 .rodata.SD_update_bufer.str1.4
                0x000000000800ae2f       0x7f Core/Src/userSD.o
                                          0x5 (size before relaxing)
 *fill*         0x000000000800ae2f        0x1 
 .rodata.HAL_ADC_PollForConversion.str1.4
                0x000000000800ae30       0x38 Drivers/STM32F1xx_HAL_Driver/Src/stm32f1xx_hal_adc.o
 .rodata.HAL_NVIC_SetPriorityGrouping.str1.4
                0x000000000800ae68       0x3b Drivers/STM32F1xx_HAL_Driver/Src/stm32f1xx_hal_cortex.o
 *fill*         0x000000000800aea3        0x1 
 .rodata.HAL_DMA_Init.str1.4
                0x000000000800aea4       0x38 Drivers/STM32F1xx_HAL_Driver/Src/stm32f1xx_hal_dma.o
 .rodata.HAL_GPIO_Init.str1.4
                0x000000000800aedc       0x39 Drivers/STM32F1xx_HAL_Driver/Src/stm32f1xx_hal_gpio.o
 *fill*         0x000000000800af15        0x3 
 .rodata.HAL_I2C_Init.str1.4
                0x000000000800af18       0x38 Drivers/STM32F1xx_HAL_Driver/Src/stm32f1xx_hal_i2c.o
 .rodata.HAL_RCC_OscConfig.str1.4
                0x000000000800af50       0x38 Drivers/STM32F1xx_HAL_Driver/Src/stm32f1xx_hal_rcc.o
 .rodata.HAL_RCCEx_PeriphCLKConfig.str1.4
                0x000000000800af88       0x3b Drivers/STM32F1xx_HAL_Driver/Src/stm32f1xx_hal_rcc_ex.o
 *fill*         0x000000000800afc3        0x1 
 .rodata.HAL_SPI_Init.str1.4
                0x000000000800afc4       0x38 Drivers/STM32F1xx_HAL_Driver/Src/stm32f1xx_hal_spi.o
 .rodata.TIM_OC1_SetConfig.str1.4
                0x000000000800affc       0x38 Drivers/STM32F1xx_HAL_Driver/Src/stm32f1xx_hal_tim.o
 .rodata.HAL_TIMEx_HallSensor_Init.str1.4
                0x000000000800b034       0x3b Drivers/STM32F1xx_HAL_Driver/Src/stm32f1xx_hal_tim_ex.o
 *fill*         0x000000000800b06f        0x1 
 .rodata.UART_SetConfig.str1.4
                0x000000000800b070       0x39 Drivers/STM32F1xx_HAL_Driver/Src/stm32f1xx_hal_uart.o
 *fill*         0x000000000800b0a9        0x3 
 .rodata.ExCvt  0x000000000800b0ac       0x80 Middlewares/Third_Party/FatFs/src/ff.o
 .rodata.follow_path.str1.4
                0x000000000800b12c       0x10 Middlewares/Third_Party/FatFs/src/ff.o
                                          0xf (size before relaxing)
 .rodata.pow.str1.1
                0x000000000800b13c        0x4 c:/st/stm32cubeide_1.3.0/stm32cubeide/plugins/com.st.stm32cube.ide.mcu.externaltools.gnu-tools-for-stm32.7-2018-q2-update.win32_1.0.0.201904181610/tools/bin/../lib/gcc/arm-none-eabi/7.3.1/../../../../arm-none-eabi/lib/thumb/v7-m\libm.a(lib_a-w_pow.o)
 .rodata.__ieee754_pow.str1.1
                0x000000000800b140        0x4 c:/st/stm32cubeide_1.3.0/stm32cubeide/plugins/com.st.stm32cube.ide.mcu.externaltools.gnu-tools-for-stm32.7-2018-q2-update.win32_1.0.0.201904181610/tools/bin/../lib/gcc/arm-none-eabi/7.3.1/../../../../arm-none-eabi/lib/thumb/v7-m\libm.a(lib_a-e_pow.o)
                                          0x1 (size before relaxing)
 .rodata.bp     0x000000000800b140       0x10 c:/st/stm32cubeide_1.3.0/stm32cubeide/plugins/com.st.stm32cube.ide.mcu.externaltools.gnu-tools-for-stm32.7-2018-q2-update.win32_1.0.0.201904181610/tools/bin/../lib/gcc/arm-none-eabi/7.3.1/../../../../arm-none-eabi/lib/thumb/v7-m\libm.a(lib_a-e_pow.o)
 .rodata.dp_h   0x000000000800b150       0x10 c:/st/stm32cubeide_1.3.0/stm32cubeide/plugins/com.st.stm32cube.ide.mcu.externaltools.gnu-tools-for-stm32.7-2018-q2-update.win32_1.0.0.201904181610/tools/bin/../lib/gcc/arm-none-eabi/7.3.1/../../../../arm-none-eabi/lib/thumb/v7-m\libm.a(lib_a-e_pow.o)
 .rodata.dp_l   0x000000000800b160       0x10 c:/st/stm32cubeide_1.3.0/stm32cubeide/plugins/com.st.stm32cube.ide.mcu.externaltools.gnu-tools-for-stm32.7-2018-q2-update.win32_1.0.0.201904181610/tools/bin/../lib/gcc/arm-none-eabi/7.3.1/../../../../arm-none-eabi/lib/thumb/v7-m\libm.a(lib_a-e_pow.o)
 .rodata.TWO52  0x000000000800b170       0x10 c:/st/stm32cubeide_1.3.0/stm32cubeide/plugins/com.st.stm32cube.ide.mcu.externaltools.gnu-tools-for-stm32.7-2018-q2-update.win32_1.0.0.201904181610/tools/bin/../lib/gcc/arm-none-eabi/7.3.1/../../../../arm-none-eabi/lib/thumb/v7-m\libm.a(lib_a-s_rint.o)
 .rodata._global_impure_ptr
                0x000000000800b180        0x4 c:/st/stm32cubeide_1.3.0/stm32cubeide/plugins/com.st.stm32cube.ide.mcu.externaltools.gnu-tools-for-stm32.7-2018-q2-update.win32_1.0.0.201904181610/tools/bin/../lib/gcc/arm-none-eabi/7.3.1/../../../../arm-none-eabi/lib/thumb/v7-m\libc_nano.a(lib_a-impure.o)
                0x000000000800b180                _global_impure_ptr
 .rodata.__utoa.str1.1
                0x000000000800b184       0x25 c:/st/stm32cubeide_1.3.0/stm32cubeide/plugins/com.st.stm32cube.ide.mcu.externaltools.gnu-tools-for-stm32.7-2018-q2-update.win32_1.0.0.201904181610/tools/bin/../lib/gcc/arm-none-eabi/7.3.1/../../../../arm-none-eabi/lib/thumb/v7-m\libc_nano.a(lib_a-utoa.o)
 *fill*         0x000000000800b1a9        0x3 
 .rodata.__sf_fake_stderr
                0x000000000800b1ac       0x20 c:/st/stm32cubeide_1.3.0/stm32cubeide/plugins/com.st.stm32cube.ide.mcu.externaltools.gnu-tools-for-stm32.7-2018-q2-update.win32_1.0.0.201904181610/tools/bin/../lib/gcc/arm-none-eabi/7.3.1/../../../../arm-none-eabi/lib/thumb/v7-m\libc_nano.a(lib_a-findfp.o)
                0x000000000800b1ac                __sf_fake_stderr
 .rodata.__sf_fake_stdin
                0x000000000800b1cc       0x20 c:/st/stm32cubeide_1.3.0/stm32cubeide/plugins/com.st.stm32cube.ide.mcu.externaltools.gnu-tools-for-stm32.7-2018-q2-update.win32_1.0.0.201904181610/tools/bin/../lib/gcc/arm-none-eabi/7.3.1/../../../../arm-none-eabi/lib/thumb/v7-m\libc_nano.a(lib_a-findfp.o)
                0x000000000800b1cc                __sf_fake_stdin
 .rodata.__sf_fake_stdout
                0x000000000800b1ec       0x20 c:/st/stm32cubeide_1.3.0/stm32cubeide/plugins/com.st.stm32cube.ide.mcu.externaltools.gnu-tools-for-stm32.7-2018-q2-update.win32_1.0.0.201904181610/tools/bin/../lib/gcc/arm-none-eabi/7.3.1/../../../../arm-none-eabi/lib/thumb/v7-m\libc_nano.a(lib_a-findfp.o)
                0x000000000800b1ec                __sf_fake_stdout
 .rodata._setlocale_r.str1.1
                0x000000000800b20c        0x8 c:/st/stm32cubeide_1.3.0/stm32cubeide/plugins/com.st.stm32cube.ide.mcu.externaltools.gnu-tools-for-stm32.7-2018-q2-update.win32_1.0.0.201904181610/tools/bin/../lib/gcc/arm-none-eabi/7.3.1/../../../../arm-none-eabi/lib/thumb/v7-m\libc_nano.a(lib_a-locale.o)
                                          0x9 (size before relaxing)
 .rodata.str1.1
                0x000000000800b214        0x2 c:/st/stm32cubeide_1.3.0/stm32cubeide/plugins/com.st.stm32cube.ide.mcu.externaltools.gnu-tools-for-stm32.7-2018-q2-update.win32_1.0.0.201904181610/tools/bin/../lib/gcc/arm-none-eabi/7.3.1/../../../../arm-none-eabi/lib/thumb/v7-m\libc_nano.a(lib_a-locale.o)
 .rodata._vfprintf_r.str1.1
                0x000000000800b216       0x11 c:/st/stm32cubeide_1.3.0/stm32cubeide/plugins/com.st.stm32cube.ide.mcu.externaltools.gnu-tools-for-stm32.7-2018-q2-update.win32_1.0.0.201904181610/tools/bin/../lib/gcc/arm-none-eabi/7.3.1/../../../../arm-none-eabi/lib/thumb/v7-m\libc_nano.a(lib_a-nano-vfprintf.o)
 .rodata._printf_i.str1.1
                0x000000000800b227       0x22 c:/st/stm32cubeide_1.3.0/stm32cubeide/plugins/com.st.stm32cube.ide.mcu.externaltools.gnu-tools-for-stm32.7-2018-q2-update.win32_1.0.0.201904181610/tools/bin/../lib/gcc/arm-none-eabi/7.3.1/../../../../arm-none-eabi/lib/thumb/v7-m\libc_nano.a(lib_a-nano-vfprintf_i.o)
 .rodata._ctype_
                0x000000000800b249      0x101 c:/st/stm32cubeide_1.3.0/stm32cubeide/plugins/com.st.stm32cube.ide.mcu.externaltools.gnu-tools-for-stm32.7-2018-q2-update.win32_1.0.0.201904181610/tools/bin/../lib/gcc/arm-none-eabi/7.3.1/../../../../arm-none-eabi/lib/thumb/v7-m\libc_nano.a(lib_a-ctype_.o)
                0x000000000800b249                _ctype_
                0x000000000800b34c                . = ALIGN (0x4)
 *fill*         0x000000000800b34a        0x2 

.rel.dyn        0x000000000800b34c        0x0
 .rel.iplt      0x000000000800b34c        0x0 c:/st/stm32cubeide_1.3.0/stm32cubeide/plugins/com.st.stm32cube.ide.mcu.externaltools.gnu-tools-for-stm32.7-2018-q2-update.win32_1.0.0.201904181610/tools/bin/../lib/gcc/arm-none-eabi/7.3.1/thumb/v7-m/crtbegin.o

.ARM.extab      0x000000000800b34c        0x0
                0x000000000800b34c                . = ALIGN (0x4)
 *(.ARM.extab* .gnu.linkonce.armextab.*)
                0x000000000800b34c                . = ALIGN (0x4)

.ARM            0x000000000800b34c        0x0
                0x000000000800b34c                . = ALIGN (0x4)
                0x000000000800b34c                __exidx_start = .
 *(.ARM.exidx*)
                0x000000000800b34c                __exidx_end = .
                0x000000000800b34c                . = ALIGN (0x4)

.preinit_array  0x000000000800b34c        0x0
                0x000000000800b34c                . = ALIGN (0x4)
                0x000000000800b34c                PROVIDE (__preinit_array_start = .)
 *(.preinit_array*)
                0x000000000800b34c                PROVIDE (__preinit_array_end = .)
                0x000000000800b34c                . = ALIGN (0x4)

.init_array     0x000000000800b34c        0x8
                0x000000000800b34c                . = ALIGN (0x4)
                0x000000000800b34c                PROVIDE (__init_array_start = .)
 *(SORT_BY_NAME(.init_array.*))
 *(.init_array*)
 .init_array    0x000000000800b34c        0x4 c:/st/stm32cubeide_1.3.0/stm32cubeide/plugins/com.st.stm32cube.ide.mcu.externaltools.gnu-tools-for-stm32.7-2018-q2-update.win32_1.0.0.201904181610/tools/bin/../lib/gcc/arm-none-eabi/7.3.1/thumb/v7-m/crtbegin.o
 .init_array    0x000000000800b350        0x4 Core/Src/main.o
                0x000000000800b354                PROVIDE (__init_array_end = .)
                0x000000000800b354                . = ALIGN (0x4)

.fini_array     0x000000000800b354        0x4
                0x000000000800b354                . = ALIGN (0x4)
                [!provide]                        PROVIDE (__fini_array_start = .)
 *(SORT_BY_NAME(.fini_array.*))
 *(.fini_array*)
 .fini_array    0x000000000800b354        0x4 c:/st/stm32cubeide_1.3.0/stm32cubeide/plugins/com.st.stm32cube.ide.mcu.externaltools.gnu-tools-for-stm32.7-2018-q2-update.win32_1.0.0.201904181610/tools/bin/../lib/gcc/arm-none-eabi/7.3.1/thumb/v7-m/crtbegin.o
                [!provide]                        PROVIDE (__fini_array_end = .)
                0x000000000800b358                . = ALIGN (0x4)
                0x000000000800b358                _sidata = LOADADDR (.data)

.data           0x0000000020000000      0x21c load address 0x000000000800b358
                0x0000000020000000                . = ALIGN (0x4)
                0x0000000020000000                _sdata = .
 *(.data)
 *(.data*)
 .data.debug_message
                0x0000000020000000       0x28 Core/Src/main.o
                0x0000000020000000                debug_message
 .data.SystemCoreClock
                0x0000000020000028        0x4 Core/Src/system_stm32f1xx.o
                0x0000000020000028                SystemCoreClock
 .data.Stat     0x000000002000002c        0x1 Core/Src/userSD.o
 .data.uwTickFreq
                0x000000002000002d        0x1 Drivers/STM32F1xx_HAL_Driver/Src/stm32f1xx_hal.o
                0x000000002000002d                uwTickFreq
 *fill*         0x000000002000002e        0x2 
 .data.uwTickPrio
                0x0000000020000030        0x4 Drivers/STM32F1xx_HAL_Driver/Src/stm32f1xx_hal.o
                0x0000000020000030                uwTickPrio
 .data.USER_Driver
                0x0000000020000034       0x14 FATFS/Target/user_diskio.o
                0x0000000020000034                USER_Driver
 .data.__fdlib_version
                0x0000000020000048        0x1 c:/st/stm32cubeide_1.3.0/stm32cubeide/plugins/com.st.stm32cube.ide.mcu.externaltools.gnu-tools-for-stm32.7-2018-q2-update.win32_1.0.0.201904181610/tools/bin/../lib/gcc/arm-none-eabi/7.3.1/../../../../arm-none-eabi/lib/thumb/v7-m\libm.a(lib_a-s_lib_ver.o)
                0x0000000020000048                __fdlib_version
 *fill*         0x0000000020000049        0x3 
 .data._impure_ptr
                0x000000002000004c        0x4 c:/st/stm32cubeide_1.3.0/stm32cubeide/plugins/com.st.stm32cube.ide.mcu.externaltools.gnu-tools-for-stm32.7-2018-q2-update.win32_1.0.0.201904181610/tools/bin/../lib/gcc/arm-none-eabi/7.3.1/../../../../arm-none-eabi/lib/thumb/v7-m\libc_nano.a(lib_a-impure.o)
                0x000000002000004c                _impure_ptr
 .data.impure_data
                0x0000000020000050       0x60 c:/st/stm32cubeide_1.3.0/stm32cubeide/plugins/com.st.stm32cube.ide.mcu.externaltools.gnu-tools-for-stm32.7-2018-q2-update.win32_1.0.0.201904181610/tools/bin/../lib/gcc/arm-none-eabi/7.3.1/../../../../arm-none-eabi/lib/thumb/v7-m\libc_nano.a(lib_a-impure.o)
 .data.__global_locale