GyverButton_HALmod.cpp:5:1:GButton::GButton(GPIO_TypeDef*, int32_t, bool, bool)	12	static
GyverButton_HALmod.cpp:21:6:void GButton::setDebounce(uint16_t)	0	static
GyverButton_HALmod.cpp:24:6:void GButton::setTimeout(uint16_t)	0	static
GyverButton_HALmod.cpp:27:6:void GButton::setClickTimeout(uint16_t)	0	static
GyverButton_HALmod.cpp:30:6:void GButton::setStepTimeout(uint16_t)	0	static
GyverButton_HALmod.cpp:33:6:void GButton::setType(bool)	0	static
GyverButton_HALmod.cpp:36:6:void GButton::setDirection(bool)	0	static
GyverButton_HALmod.cpp:39:6:void GButton::setTickMode(bool)	0	static
GyverButton_HALmod.cpp:112:9:uint8_t GButton::getClicks()	0	static
GyverButton_HALmod.cpp:130:6:void GButton::resetStates()	0	static
GyverButton_HALmod.cpp:149:6:void GButton::tick()	16	static
GyverButton_HALmod.cpp:44:9:boolean GButton::isPress()	8	static
GyverButton_HALmod.cpp:51:9:boolean GButton::isRelease()	8	static
GyverButton_HALmod.cpp:58:9:boolean GButton::isClick()	8	static
GyverButton_HALmod.cpp:65:9:boolean GButton::isHolded()	8	static
GyverButton_HALmod.cpp:72:9:boolean GButton::isHold()	8	static
GyverButton_HALmod.cpp:77:9:boolean GButton::state()	8	static
GyverButton_HALmod.cpp:81:9:boolean GButton::isSingle()	8	static
GyverButton_HALmod.cpp:89:9:boolean GButton::isDouble()	8	static
GyverButton_HALmod.cpp:97:9:boolean GButton::isTriple()	8	static
GyverButton_HALmod.cpp:105:9:boolean GButton::hasClicks()	8	static
GyverButton_HALmod.cpp:117:9:uint8_t GButton::getHoldClicks()	8	static
GyverButton_HALmod.cpp:121:9:boolean GButton::isStep(byte)	16	static
GyverButton_HALmod.cpp:142:6:void GButton::tick(boolean)	8	static
