nrf24l01.c:25:6:DWT_Init	0	static
nrf24l01.c:31:6:delay_us	0	static
nrf24l01.c:38:6:csn	8	static
nrf24l01.c:44:6:ce	8	static
nrf24l01.c:49:9:read_register	32	static
nrf24l01.c:61:9:write_registerMy	40	static
nrf24l01.c:73:9:write_register	32	static
nrf24l01.c:84:9:write_payload	40	static
nrf24l01.c:107:9:read_payload	32	static
nrf24l01.c:144:9:spiTrans	32	static
nrf24l01.c:134:9:flush_rx	8	static
nrf24l01.c:139:9:flush_tx	8	static
nrf24l01.c:153:9:get_status	8	static
nrf24l01.c:158:6:setChannel	8	static
nrf24l01.c:163:9:getChannel	8	static
nrf24l01.c:168:6:setPayloadSize	0	static
nrf24l01.c:173:9:getPayloadSize	0	static
nrf24l01.c:179:6:isChipConnected	8	static
nrf24l01.c:217:6:stopListening	8	static
nrf24l01.c:232:6:powerDown	8	static
nrf24l01.c:239:6:powerUp	8	static
nrf24l01.c:271:6:startFastWrite	8	static
nrf24l01.c:251:6:write	8	static
nrf24l01.c:281:6:maskIRQ	16	static
nrf24l01.c:289:9:getDynamicPayloadSize	32	static
nrf24l01.c:313:6:available	8	static
nrf24l01.c:308:6:availableMy	8	static
nrf24l01.c:329:6:read	8	static
nrf24l01.c:336:9:whatHappened	8	static
nrf24l01.c:345:6:openWritingPipe	24	static
nrf24l01.c:357:6:openReadingPipe	16	static
nrf24l01.c:377:6:setAddressWidth	8	static
nrf24l01.c:391:6:closeReadingPipe	8	static
nrf24l01.c:191:6:startListening	8	static
nrf24l01.c:396:6:toggle_features	24	static
nrf24l01.c:405:6:enableDynamicPayloads	8	static
nrf24l01.c:412:6:disableDynamicPayloads	8	static
nrf24l01.c:419:6:enableAckPayload	8	static
nrf24l01.c:426:6:enableDynamicAck	8	static
nrf24l01.c:431:6:writeAckPayload	32	static
nrf24l01.c:442:6:isAckPayloadAvailable	8	static
nrf24l01.c:447:6:isPVariant	0	static
nrf24l01.c:452:6:setAutoAck	8	static
nrf24l01.c:460:6:setAutoAckPipe	16	static
nrf24l01.c:479:6:setPALevel	8	static
nrf24l01.c:495:9:getPALevel	8	static
nrf24l01.c:500:6:setDataRate	16	static
nrf24l01.c:532:17:getDataRate	8	static
nrf24l01.c:555:6:setCRCLength	8	static
nrf24l01.c:576:18:getCRCLength	8	static
nrf24l01.c:594:6:disableCRC	8	static
nrf24l01.c:600:6:setRetries	8	static
nrf24l01.c:605:6:radio_tx_sync	24	static
nrf24l01.c:614:6:radio_rx_sync	8	static
nrf24l01.c:624:9:NRF_Init	32	static
