stm32f1xx_it.c:75:6:NMI_Handler	0	static
stm32f1xx_it.c:88:6:HardFault_Handler	0	static
stm32f1xx_it.c:103:6:MemManage_Handler	0	static
stm32f1xx_it.c:118:6:BusFault_Handler	0	static
stm32f1xx_it.c:133:6:UsageFault_Handler	0	static
stm32f1xx_it.c:148:6:SVC_Handler	0	static
stm32f1xx_it.c:161:6:DebugMon_Handler	0	static
stm32f1xx_it.c:174:6:PendSV_Handler	0	static
stm32f1xx_it.c:187:6:SysTick_Handler	8	static
stm32f1xx_it.c:210:6:DMA1_Channel2_IRQHandler	8	static
stm32f1xx_it.c:224:6:DMA1_Channel3_IRQHandler	8	static
stm32f1xx_it.c:238:6:DMA1_Channel4_IRQHandler	8	static
stm32f1xx_it.c:256:6:EXTI9_5_IRQHandler	8	static
