userSD.c:41:13:SPI_TxByte	16	static
userSD.c:29:13:SELECT	8	static
userSD.c:35:13:DESELECT	8	static
userSD.c:48:16:SPI_RxByte	24	static
userSD.c:80:13:SD_PowerOn	24	static
userSD.c:61:16:SD_ReadyWait	8	static
userSD.c:224:13:SD_SendCmd	16	static
userSD.c:173:13:SD_TxDataBlock	16	static
userSD.c:136:13:SD_RxDataBlock	24	static
userSD.c:17:6:SD_1msTick	0	static
userSD.c:270:9:SD_disk_initialize	32	static
userSD.c:373:9:SD_disk_status	0	static
userSD.c:382:9:SD_disk_read	16	static
userSD.c:426:9:SD_disk_write	16	static
userSD.c:481:9:SD_disk_ioctl	32	static
userSD.c:683:9:SD_read_settings	24	static
userSD.c:737:9:SD_change_file	32	static
userSD.c:799:9:SD_prepare_file	24	static
userSD.c:837:9:SD_update_bufer	16	static
